Archive member included to satisfy reference by file (symbol)

c:/nxp/mcuxpressoide_10.3.0_2200_pex/ide/plugins/com.nxp.mcuxpresso.tools.win32_10.3.0.201811011841/tools/bin/../lib/gcc/arm-none-eabi/7.3.1/../../../../arm-none-eabi/lib/thumb/v7e-m/fpv5/hard\libcr_nohost_nf.a(_cr__main.o)
                              ./startup/startup_mimxrt1052.o (__main)
c:/nxp/mcuxpressoide_10.3.0_2200_pex/ide/plugins/com.nxp.mcuxpresso.tools.win32_10.3.0.201811011841/tools/bin/../lib/gcc/arm-none-eabi/7.3.1/../../../../arm-none-eabi/lib/thumb/v7e-m/fpv5/hard\libcr_nohost_nf.a(_cr_assert.o)
                              ./utilities/fsl_debug_console.o (__assertion_failed)
c:/nxp/mcuxpressoide_10.3.0_2200_pex/ide/plugins/com.nxp.mcuxpresso.tools.win32_10.3.0.201811011841/tools/bin/../lib/gcc/arm-none-eabi/7.3.1/../../../../arm-none-eabi/lib/thumb/v7e-m/fpv5/hard\libcr_nohost_nf.a(__ciob.o)
                              c:/nxp/mcuxpressoide_10.3.0_2200_pex/ide/plugins/com.nxp.mcuxpresso.tools.win32_10.3.0.201811011841/tools/bin/../lib/gcc/arm-none-eabi/7.3.1/../../../../arm-none-eabi/lib/thumb/v7e-m/fpv5/hard\libcr_nohost_nf.a(_cr_assert.o) (__Ciob)
c:/nxp/mcuxpressoide_10.3.0_2200_pex/ide/plugins/com.nxp.mcuxpresso.tools.win32_10.3.0.201811011841/tools/bin/../lib/gcc/arm-none-eabi/7.3.1/../../../../arm-none-eabi/lib/thumb/v7e-m/fpv5/hard\libcr_nohost_nf.a(__sys_appexit.o)
                              c:/nxp/mcuxpressoide_10.3.0_2200_pex/ide/plugins/com.nxp.mcuxpresso.tools.win32_10.3.0.201811011841/tools/bin/../lib/gcc/arm-none-eabi/7.3.1/../../../../arm-none-eabi/lib/thumb/v7e-m/fpv5/hard\libcr_nohost_nf.a(_cr_assert.o) (__sys_appexit)
c:/nxp/mcuxpressoide_10.3.0_2200_pex/ide/plugins/com.nxp.mcuxpresso.tools.win32_10.3.0.201811011841/tools/bin/../lib/gcc/arm-none-eabi/7.3.1/../../../../arm-none-eabi/lib/thumb/v7e-m/fpv5/hard\libcr_c.a(memset.o)
                              ./utilities/fsl_debug_console.o (memset)
c:/nxp/mcuxpressoide_10.3.0_2200_pex/ide/plugins/com.nxp.mcuxpresso.tools.win32_10.3.0.201811011841/tools/bin/../lib/gcc/arm-none-eabi/7.3.1/../../../../arm-none-eabi/lib/thumb/v7e-m/fpv5/hard\libcr_c.a(_deferredlazyseek.o)
                              c:/nxp/mcuxpressoide_10.3.0_2200_pex/ide/plugins/com.nxp.mcuxpresso.tools.win32_10.3.0.201811011841/tools/bin/../lib/gcc/arm-none-eabi/7.3.1/../../../../arm-none-eabi/lib/thumb/v7e-m/fpv5/hard\libcr_nohost_nf.a(_cr_assert.o) (__flsbuf)
c:/nxp/mcuxpressoide_10.3.0_2200_pex/ide/plugins/com.nxp.mcuxpresso.tools.win32_10.3.0.201811011841/tools/bin/../lib/gcc/arm-none-eabi/7.3.1/../../../../arm-none-eabi/lib/thumb/v7e-m/fpv5/hard\libcr_c.a(_fflush.o)
                              c:/nxp/mcuxpressoide_10.3.0_2200_pex/ide/plugins/com.nxp.mcuxpresso.tools.win32_10.3.0.201811011841/tools/bin/../lib/gcc/arm-none-eabi/7.3.1/../../../../arm-none-eabi/lib/thumb/v7e-m/fpv5/hard\libcr_c.a(_deferredlazyseek.o) (_fflush)
c:/nxp/mcuxpressoide_10.3.0_2200_pex/ide/plugins/com.nxp.mcuxpresso.tools.win32_10.3.0.201811011841/tools/bin/../lib/gcc/arm-none-eabi/7.3.1/../../../../arm-none-eabi/lib/thumb/v7e-m/fpv5/hard\libcr_c.a(_writebuf.o)
                              c:/nxp/mcuxpressoide_10.3.0_2200_pex/ide/plugins/com.nxp.mcuxpresso.tools.win32_10.3.0.201811011841/tools/bin/../lib/gcc/arm-none-eabi/7.3.1/../../../../arm-none-eabi/lib/thumb/v7e-m/fpv5/hard\libcr_c.a(_deferredlazyseek.o) (_Cwritebuf)
c:/nxp/mcuxpressoide_10.3.0_2200_pex/ide/plugins/com.nxp.mcuxpresso.tools.win32_10.3.0.201811011841/tools/bin/../lib/gcc/arm-none-eabi/7.3.1/../../../../arm-none-eabi/lib/thumb/v7e-m/fpv5/hard\libcr_c.a(alloc.o)
                              ./drivers/fsl_common.o (malloc)
c:/nxp/mcuxpressoide_10.3.0_2200_pex/ide/plugins/com.nxp.mcuxpresso.tools.win32_10.3.0.201811011841/tools/bin/../lib/gcc/arm-none-eabi/7.3.1/../../../../arm-none-eabi/lib/thumb/v7e-m/fpv5/hard\libcr_c.a(fputs.o)
                              c:/nxp/mcuxpressoide_10.3.0_2200_pex/ide/plugins/com.nxp.mcuxpresso.tools.win32_10.3.0.201811011841/tools/bin/../lib/gcc/arm-none-eabi/7.3.1/../../../../arm-none-eabi/lib/thumb/v7e-m/fpv5/hard\libcr_nohost_nf.a(_cr_assert.o) (fputs)
c:/nxp/mcuxpressoide_10.3.0_2200_pex/ide/plugins/com.nxp.mcuxpresso.tools.win32_10.3.0.201811011841/tools/bin/../lib/gcc/arm-none-eabi/7.3.1/../../../../arm-none-eabi/lib/thumb/v7e-m/fpv5/hard\libcr_c.a(fseek.o)
                              c:/nxp/mcuxpressoide_10.3.0_2200_pex/ide/plugins/com.nxp.mcuxpresso.tools.win32_10.3.0.201811011841/tools/bin/../lib/gcc/arm-none-eabi/7.3.1/../../../../arm-none-eabi/lib/thumb/v7e-m/fpv5/hard\libcr_c.a(_deferredlazyseek.o) (fseek)
c:/nxp/mcuxpressoide_10.3.0_2200_pex/ide/plugins/com.nxp.mcuxpresso.tools.win32_10.3.0.201811011841/tools/bin/../lib/gcc/arm-none-eabi/7.3.1/../../../../arm-none-eabi/lib/thumb/v7e-m/fpv5/hard\libcr_c.a(ftell.o)
[...]
Memory Configuration

Name             Origin             Length             Attributes
SRAM_ITC         0x00002000         0x0001d000         xrw
SRAM_DTC         0x20000000         0x00020000         xrw
SRAM_OC          0x20200000         0x00040000         xrw
BOARD_FLASH      0x60000000         0x04000000         xr
BOARD_SDRAM      0x80000000         0x02000000         xrw
SRAM_ITC_reserved 0x00000000         0x00002000         xrw
*default*        0x00000000         0xffffffff

Linker script and memory map

LOAD ./xip/evkbimxrt1050_flexspi_nor_config.o
LOAD ./xip/evkbimxrt1050_sdram_ini_dcd.o
LOAD ./xip/fsl_flexspi_nor_boot.o
LOAD ./utilities/fsl_assert.o
LOAD ./utilities/fsl_debug_console.o
LOAD ./utilities/fsl_str.o
LOAD ./startup/startup_mimxrt1052.o
LOAD ./source/led_blinky.o
LOAD ./source/semihost_hardfault.o
LOAD ./drivers/fsl_clock.o
LOAD ./drivers/fsl_common.o
LOAD ./drivers/fsl_gpio.o
LOAD ./drivers/fsl_lpuart.o
LOAD ./device/system_MIMXRT1052.o
LOAD ./component/uart/lpuart_adapter.o
LOAD ./component/serial_manager/serial_manager.o
LOAD ./component/serial_manager/serial_port_uart.o
LOAD ./component/lists/generic_list.o
LOAD ./board/board.o
LOAD ./board/clock_config.o
LOAD ./board/pin_mux.o
START GROUP
LOAD c:/nxp/mcuxpressoide_10.3.0_2200_pex/ide/plugins/com.nxp.mcuxpresso.tools.win32_10.3.0.201811011841/tools/bin/../lib/gcc/arm-none-eabi/7.3.1/../../../../arm-none-eabi/lib/thumb/v7e-m/fpv5/hard\libcr_nohost_nf.a
LOAD c:/nxp/mcuxpressoide_10.3.0_2200_pex/ide/plugins/com.nxp.mcuxpresso.tools.win32_10.3.0.201811011841/tools/bin/../lib/gcc/arm-none-eabi/7.3.1/../../../../arm-none-eabi/lib/thumb/v7e-m/fpv5/hard\libcr_c.a
LOAD c:/nxp/mcuxpressoide_10.3.0_2200_pex/ide/plugins/com.nxp.mcuxpresso.tools.win32_10.3.0.201811011841/tools/bin/../lib/gcc/arm-none-eabi/7.3.1/thumb/v7e-m/fpv5/hard\libcr_eabihelpers.a
END GROUP
                0x00002000                __base_SRAM_ITC = 0x2000
                0x00002000                __base_RAM = 0x2000
                0x0001f000                __top_SRAM_ITC = 0x1f000
                0x0001f000                __top_RAM = 0x1f000
                0x20000000                __base_SRAM_DTC = 0x20000000
                0x20000000                __base_RAM2 = 0x20000000
                0x20020000                __top_SRAM_DTC = 0x20020000
                0x20020000                __top_RAM2 = 0x20020000
                0x20200000                __base_SRAM_OC = 0x20200000
                0x20200000                __base_RAM3 = 0x20200000
                0x20240000                __top_SRAM_OC = 0x20240000
                0x20240000                __top_RAM3 = 0x20240000
                0x60000000                __base_BOARD_FLASH = 0x60000000
                0x60000000                __base_Flash = 0x60000000
                0x64000000                __top_BOARD_FLASH = 0x64000000
                0x64000000                __top_Flash = 0x64000000
                0x80000000                __base_BOARD_SDRAM = 0x80000000
                0x80000000                __base_RAM4 = 0x80000000
                0x82000000                __top_BOARD_SDRAM = 0x82000000
                0x82000000                __top_RAM4 = 0x82000000
                0x00000000                __base_SRAM_ITC_reserved = 0x0
                0x00000000                __base_RAM5 = 0x0
                0x00002000                __top_SRAM_ITC_reserved = 0x2000
                0x00002000                __top_RAM5 = 0x2000

.text           0x00002000     0x4974
 FILL mask 0xff
                0x00002000                __vectors_start__ = ABSOLUTE (.)
 *(SORT_BY_ALIGNMENT(.isr_vector))
 .isr_vector    0x00002000      0x2a0 ./startup/startup_mimxrt1052.o
                0x00002000                g_pfnVectors
                0x00002000                __Vectors
                0x000022a0                . = ALIGN (0x4)
                0x000022a0                __section_table_start = .
                0x000022a0                __data_section_table = .
                0x000022a0        0x4 LONG 0x6974 LOADADDR (.data)
                0x000022a4        0x4 LONG 0x6974 ADDR (.data)
                0x000022a8        0x4 LONG 0x4 SIZEOF (.data)
                0x000022ac        0x4 LONG 0x6974 LOADADDR (.data_RAM2)
                0x000022b0        0x4 LONG 0x20000000 ADDR (.data_RAM2)
                0x000022b4        0x4 LONG 0x0 SIZEOF (.data_RAM2)
                0x000022b8        0x4 LONG 0x6974 LOADADDR (.data_RAM3)
                0x000022bc        0x4 LONG 0x20200000 ADDR (.data_RAM3)
                0x000022c0        0x4 LONG 0x0 SIZEOF (.data_RAM3)
                0x000022c4        0x4 LONG 0x6974 LOADADDR (.data_RAM4)
                0x000022c8        0x4 LONG 0x80000000 ADDR (.data_RAM4)
                0x000022cc        0x4 LONG 0x0 SIZEOF (.data_RAM4)
                0x000022d0        0x4 LONG 0x6974 LOADADDR (.data_RAM5)
                0x000022d4        0x4 LONG 0x0 ADDR (.data_RAM5)
                0x000022d8        0x4 LONG 0x0 SIZEOF (.data_RAM5)
                0x000022dc                __data_section_table_end = .
                0x000022dc                __bss_section_table = .
                0x000022dc        0x4 LONG 0x6978 ADDR (.bss)
                0x000022e0        0x4 LONG 0x0 SIZEOF (.bss)
                0x000022e4        0x4 LONG 0x20000000 ADDR (.bss_RAM2)
                0x000022e8        0x4 LONG 0x118 SIZEOF (.bss_RAM2)
                0x000022ec        0x4 LONG 0x20200000 ADDR (.bss_RAM3)
                0x000022f0        0x4 LONG 0x0 SIZEOF (.bss_RAM3)
                0x000022f4        0x4 LONG 0x80000000 ADDR (.bss_RAM4)
                0x000022f8        0x4 LONG 0x0 SIZEOF (.bss_RAM4)
                0x000022fc        0x4 LONG 0x0 ADDR (.bss_RAM5)
                0x00002300        0x4 LONG 0x0 SIZEOF (.bss_RAM5)
                0x00002304                __bss_section_table_end = .
                0x00002304                __section_table_end = .
 *(SORT_BY_ALIGNMENT(.after_vectors*))
 .after_vectors.reset
                0x00002304       0x4c ./startup/startup_mimxrt1052.o
                0x00002304                ResetISR
 .after_vectors.init_data
                0x00002350       0x1e ./startup/startup_mimxrt1052.o
                0x00002350                data_init
 .after_vectors.init_bss
                0x0000236e       0x12 ./startup/startup_mimxrt1052.o
                0x0000236e                bss_init
 .after_vectors
                0x00002380        0xc ./startup/startup_mimxrt1052.o
                0x00002380                NMI_Handler
                0x00002384                SVC_Handler
                0x00002386                PendSV_Handler
                0x0000238a                LPSPI2_DriverIRQHandler
                0x0000238a                LCDIF_DriverIRQHandler
                0x0000238a                SAI3_RX_DriverIRQHandler
                0x0000238a                CCM_2_DriverIRQHandler
                0x0000238a                PIT_DriverIRQHandler
                0x0000238a                PMU_EVENT_DriverIRQHandler
                0x0000238a                Reserved87_DriverIRQHandler
                0x0000238a                DMA13_DMA29_DriverIRQHandler
                0x0000238a                FLEXRAM_DriverIRQHandler
                0x0000238a                LPSPI4_DriverIRQHandler
                0x0000238a                SEMC_DriverIRQHandler
                0x0000238a                SPDIF_DriverIRQHandler
                0x0000238a                PWM4_3_DriverIRQHandler
                0x0000238a                KPP_DriverIRQHandler
                0x0000238a                PWM4_FAULT_DriverIRQHandler
                0x0000238a                USB_PHY1_DriverIRQHandler
                0x0000238a                GPIO3_Combined_0_15_DriverIRQHandler
                0x0000238a                DMA7_DMA23_DriverIRQHandler
                0x0000238a                BEE_DriverIRQHandler
                0x0000238a                LPI2C3_DriverIRQHandler
                0x0000238a                GPR_IRQ_DriverIRQHandler
                0x0000238a                PWM2_FAULT_DriverIRQHandler
                0x0000238a                PWM3_1_DriverIRQHandler
                0x0000238a                DMA14_DMA30_DriverIRQHandler
                0x0000238a                TMR1_DriverIRQHandler
                0x0000238a                TRNG_DriverIRQHandler
                0x0000238a                PWM3_2_DriverIRQHandler
                0x0000238a                ENET_1588_Timer_DriverIRQHandler
                0x0000238a                FLEXIO2_DriverIRQHandler
                0x0000238a                GPIO2_Combined_16_31_DriverIRQHandler
                0x0000238a                Reserved143_DriverIRQHandler
                0x0000238a                PWM4_1_DriverIRQHandler
                0x0000238a                PWM3_3_DriverIRQHandler
                0x0000238a                DMA0_DMA16_DriverIRQHandler
                0x0000238a                IntDefaultHandler
                0x0000238a                DMA2_DMA18_DriverIRQHandler
                0x0000238a                SRC_DriverIRQHandler
                0x0000238a                GPIO1_INT4_DriverIRQHandler
                0x0000238a                Reserved144_DriverIRQHandler
                0x0000238a                USDHC1_DriverIRQHandler
                0x0000238a                ENC3_DriverIRQHandler
                0x0000238a                PWM3_FAULT_DriverIRQHandler
                0x0000238a                EWM_DriverIRQHandler
                0x0000238a                TSC_DIG_DriverIRQHandler
                0x0000238a                WDOG1_DriverIRQHandler
                0x0000238a                FLEXIO1_DriverIRQHandler
                0x0000238a                ENET_DriverIRQHandler
                0x0000238a                Reserved78_DriverIRQHandler
                0x0000238a                TMR4_DriverIRQHandler
                0x0000238a                ENC2_DriverIRQHandler
                0x0000238a                ADC_ETC_IRQ2_DriverIRQHandler
                0x0000238a                GPIO1_Combined_16_31_DriverIRQHandler
                0x0000238a                GPIO1_INT7_DriverIRQHandler
                0x0000238a                SAI1_DriverIRQHandler
                0x0000238a                DCDC_DriverIRQHandler
                0x0000238a                DMA12_DMA28_DriverIRQHandler
                0x0000238a                PWM4_0_DriverIRQHandler
                0x0000238a                ADC_ETC_ERROR_IRQ_DriverIRQHandler
                0x0000238a                ACMP2_DriverIRQHandler
                0x0000238a                GPIO5_Combined_0_15_DriverIRQHandler
                0x0000238a                GPIO1_INT0_DriverIRQHandler
                0x0000238a                GPIO1_INT2_DriverIRQHandler
                0x0000238a                RTWDOG_DriverIRQHandler
                0x0000238a                FLEXSPI_DriverIRQHandler
                0x0000238a                GPT2_DriverIRQHandler
                0x0000238a                USB_PHY2_DriverIRQHandler
                0x0000238a                DMA10_DMA26_DriverIRQHandler
                0x0000238a                PWM2_1_DriverIRQHandler
                0x0000238a                PWM1_1_DriverIRQHandler
                0x0000238a                PXP_DriverIRQHandler
                0x0000238a                ADC1_DriverIRQHandler
                0x0000238a                PWM1_0_DriverIRQHandler
                0x0000238a                SJC_DriverIRQHandler
                0x0000238a                DMA1_DMA17_DriverIRQHandler
                0x0000238a                ENC1_DriverIRQHandler
                0x0000238a                ENC4_DriverIRQHandler
                0x0000238a                CAN2_DriverIRQHandler
                0x0000238a                DCP_DriverIRQHandler
                0x0000238a                CTI0_ERROR_DriverIRQHandler
                0x0000238a                DMA8_DMA24_DriverIRQHandler
                0x0000238a                GPT1_DriverIRQHandler
                0x0000238a                ACMP3_DriverIRQHandler
                0x0000238a                DMA6_DMA22_DriverIRQHandler
                0x0000238a                CSU_DriverIRQHandler
                0x0000238a                GPIO1_INT5_DriverIRQHandler
                0x0000238a                TMR3_DriverIRQHandler
                0x0000238a                TMR2_DriverIRQHandler
                0x0000238a                CTI1_ERROR_DriverIRQHandler
                0x0000238a                GPIO1_Combined_0_15_DriverIRQHandler
                0x0000238a                USDHC2_DriverIRQHandler
                0x0000238a                PWM4_2_DriverIRQHandler
                0x0000238a                SAI2_DriverIRQHandler
                0x0000238a                CORE_DriverIRQHandler
                0x0000238a                ACMP4_DriverIRQHandler
                0x0000238a                DMA11_DMA27_DriverIRQHandler
                0x0000238a                CSI_DriverIRQHandler
                0x0000238a                PWM2_3_DriverIRQHandler
                0x0000238a                XBAR1_IRQ_2_3_DriverIRQHandler
                0x0000238a                SNVS_HP_WRAPPER_TZ_DriverIRQHandler
                0x0000238a                GPIO3_Combined_16_31_DriverIRQHandler
                0x0000238a                PWM1_FAULT_DriverIRQHandler
                0x0000238a                LPI2C1_DriverIRQHandler
                0x0000238a                PWM2_2_DriverIRQHandler
                0x0000238a                DMA4_DMA20_DriverIRQHandler
                0x0000238a                DMA9_DMA25_DriverIRQHandler
                0x0000238a                SNVS_HP_WRAPPER_DriverIRQHandler
                0x0000238a                XBAR1_IRQ_0_1_DriverIRQHandler
                0x0000238a                ADC_ETC_IRQ1_DriverIRQHandler
                0x0000238a                LPSPI1_DriverIRQHandler
                0x0000238a                DMA3_DMA19_DriverIRQHandler
                0x0000238a                GPIO1_INT3_DriverIRQHandler
                0x0000238a                DCP_VMI_DriverIRQHandler
                0x0000238a                LPI2C4_DriverIRQHandler
                0x0000238a                GPC_DriverIRQHandler
                0x0000238a                Reserved123_DriverIRQHandler
                0x0000238a                GPIO2_Combined_0_15_DriverIRQHandler
                0x0000238a                PWM1_2_DriverIRQHandler
                0x0000238a                USB_OTG1_DriverIRQHandler
                0x0000238a                TEMP_LOW_HIGH_DriverIRQHandler
                0x0000238a                SAI3_TX_DriverIRQHandler
                0x0000238a                WDOG2_DriverIRQHandler
                0x0000238a                Reserved68_DriverIRQHandler
                0x0000238a                PWM3_0_DriverIRQHandler
                0x0000238a                GPIO4_Combined_0_15_DriverIRQHandler
                0x0000238a                GPIO4_Combined_16_31_DriverIRQHandler
                0x0000238a                GPIO5_Combined_16_31_DriverIRQHandler
                0x0000238a                DMA5_DMA21_DriverIRQHandler
                0x0000238a                CCM_1_DriverIRQHandler
                0x0000238a                ADC2_DriverIRQHandler
                0x0000238a                Reserved115_DriverIRQHandler
                0x0000238a                TEMP_PANIC_DriverIRQHandler
                0x0000238a                DMA15_DMA31_DriverIRQHandler
                0x0000238a                LPSPI3_DriverIRQHandler
                0x0000238a                PWM1_3_DriverIRQHandler
                0x0000238a                ACMP1_DriverIRQHandler
                0x0000238a                LPI2C2_DriverIRQHandler
                0x0000238a                Reserved86_DriverIRQHandler
                0x0000238a                DMA_ERROR_DriverIRQHandler
                0x0000238a                ADC_ETC_IRQ0_DriverIRQHandler
                0x0000238a                CAN1_DriverIRQHandler
                0x0000238a                GPIO1_INT6_DriverIRQHandler
                0x0000238a                GPIO1_INT1_DriverIRQHandler
                0x0000238a                PWM2_0_DriverIRQHandler
                0x0000238a                SNVS_LP_WRAPPER_DriverIRQHandler
                0x0000238a                USB_OTG2_DriverIRQHandler
 *(SORT_BY_ALIGNMENT(.text*))
 .text.DbgConsole_Init
                0x0000238c       0xf8 ./utilities/fsl_debug_console.o
                0x0000238c                DbgConsole_Init
 .text.__NVIC_SetPriority
                0x00002484       0x54 ./source/led_blinky.o
 .text.SysTick_Config
                0x000024d8       0x44 ./source/led_blinky.o
 .text.SysTick_Handler
                0x0000251c       0x24 ./source/led_blinky.o
                0x0000251c                SysTick_Handler
 .text.SysTick_DelayTicks
                0x00002540       0x28 ./source/led_blinky.o
                0x00002540                SysTick_DelayTicks
 .text.main     0x00002568       0x90 ./source/led_blinky.o
                0x00002568                main
 .text.CLOCK_GetOscFreq
                0x000025f8       0x30 ./drivers/fsl_clock.o
 .text.CLOCK_InitExternalClk
                0x00002628       0x6c ./drivers/fsl_clock.o
                0x00002628                CLOCK_InitExternalClk
 .text.CLOCK_SwitchOsc
                0x00002694       0x34 ./drivers/fsl_clock.o
                0x00002694                CLOCK_SwitchOsc
 .text.CLOCK_InitRcOsc24M
                0x000026c8       0x24 ./drivers/fsl_clock.o
                0x000026c8                CLOCK_InitRcOsc24M
 .text.CLOCK_InitArmPll
                0x000026ec       0x68 ./drivers/fsl_clock.o
                0x000026ec                CLOCK_InitArmPll
 .text.CLOCK_InitSysPll
                0x00002754       0x9c ./drivers/fsl_clock.o
                0x00002754                CLOCK_InitSysPll
 .text.CLOCK_DeinitUsb2Pll
                0x000027f0       0x18 ./drivers/fsl_clock.o
                0x000027f0                CLOCK_DeinitUsb2Pll
 .text.CLOCK_DeinitAudioPll
                0x00002808       0x1c ./drivers/fsl_clock.o
                0x00002808                CLOCK_DeinitAudioPll
 .text.CLOCK_DeinitVideoPll
                0x00002824       0x1c ./drivers/fsl_clock.o
                0x00002824                CLOCK_DeinitVideoPll
 .text.CLOCK_DeinitEnetPll
                0x00002840       0x1c ./drivers/fsl_clock.o
                0x00002840                CLOCK_DeinitEnetPll
 .text.CLOCK_GetPllFreq
                0x0000285c      0x2ec ./drivers/fsl_clock.o
                0x0000285c                CLOCK_GetPllFreq
 .text.CLOCK_InitSysPfd
                0x00002b48       0x64 ./drivers/fsl_clock.o
                0x00002b48                CLOCK_InitSysPfd
 .text.CLOCK_ControlGate
                0x00002bac       0x64 ./drivers/fsl_gpio.o
 .text.GPIO_GetInstance
                0x00002c10       0x4c ./drivers/fsl_gpio.o
 .text.GPIO_PinInit
                0x00002c5c       0x8c ./drivers/fsl_gpio.o
                0x00002c5c                GPIO_PinInit
 .text.GPIO_PinWrite
                0x00002ce8       0x54 ./drivers/fsl_gpio.o
                0x00002ce8                GPIO_PinWrite
 .text.GPIO_PinSetInterruptConfig
                0x00002d3c       0xfc ./drivers/fsl_gpio.o
                0x00002d3c                GPIO_PinSetInterruptConfig
 .text.CLOCK_ControlGate
                0x00002e38       0x64 ./drivers/fsl_lpuart.o
 .text.LPUART_GetInstance
                0x00002e9c       0x4c ./drivers/fsl_lpuart.o
                0x00002e9c                LPUART_GetInstance
 .text.LPUART_Init
                0x00002ee8      0x304 ./drivers/fsl_lpuart.o
                0x00002ee8                LPUART_Init
 .text.LPUART_GetDefaultConfig
                0x000031ec       0x88 ./drivers/fsl_lpuart.o
                0x000031ec                LPUART_GetDefaultConfig
 .text.LPUART1_DriverIRQHandler
                0x00003274       0x24 ./drivers/fsl_lpuart.o
                0x00003274                LPUART1_DriverIRQHandler
 .text.LPUART2_DriverIRQHandler
                0x00003298       0x24 ./drivers/fsl_lpuart.o
                0x00003298                LPUART2_DriverIRQHandler
 .text.LPUART3_DriverIRQHandler
                0x000032bc       0x24 ./drivers/fsl_lpuart.o
                0x000032bc                LPUART3_DriverIRQHandler
 .text.LPUART4_DriverIRQHandler
                0x000032e0       0x24 ./drivers/fsl_lpuart.o
                0x000032e0                LPUART4_DriverIRQHandler
 .text.LPUART5_DriverIRQHandler
                0x00003304       0x24 ./drivers/fsl_lpuart.o
                0x00003304                LPUART5_DriverIRQHandler
 .text.LPUART6_DriverIRQHandler
                0x00003328       0x24 ./drivers/fsl_lpuart.o
                0x00003328                LPUART6_DriverIRQHandler
 .text.LPUART7_DriverIRQHandler
                0x0000334c       0x24 ./drivers/fsl_lpuart.o
                0x0000334c                LPUART7_DriverIRQHandler
 .text.LPUART8_DriverIRQHandler
                0x00003370       0x24 ./drivers/fsl_lpuart.o
                0x00003370                LPUART8_DriverIRQHandler
 .text.SCB_EnableICache
                0x00003394       0x40 ./device/system_MIMXRT1052.o
 .text.SCB_EnableDCache
                0x000033d4       0x80 ./device/system_MIMXRT1052.o
 .text.SystemInit
                0x00003454       0xf4 ./device/system_MIMXRT1052.o
                0x00003454                SystemInit
 .text.SystemCoreClockUpdate
                0x00003548      0x200 ./device/system_MIMXRT1052.o
                0x00003548                SystemCoreClockUpdate
 .text.HAL_UartInit
                0x00003748      0x100 ./component/uart/lpuart_adapter.o
                0x00003748                HAL_UartInit
 .text.SerialManager_Init
                0x00003848       0x74 ./component/serial_manager/serial_manager.o
                0x00003848                SerialManager_Init
 .text.SerialManager_OpenWriteHandle
                0x000038bc       0x58 ./component/serial_manager/serial_manager.o
                0x000038bc                SerialManager_OpenWriteHandle
 .text.SerialManager_OpenReadHandle
                0x00003914       0x60 ./component/serial_manager/serial_manager.o
                0x00003914                SerialManager_OpenReadHandle
 .text.Serial_UartInit
                0x00003974       0x80 ./component/serial_manager/serial_port_uart.o
                0x00003974                Serial_UartInit
 .text.CLOCK_GetMux
                0x000039f4       0x44 ./board/board.o
 .text.CLOCK_GetDiv
                0x00003a38       0x44 ./board/board.o
 .text.CLOCK_GetOscFreq
                0x00003a7c       0x30 ./board/board.o
 .text.BOARD_DebugConsoleSrcFreq
                0x00003aac       0x64 ./board/board.o
                0x00003aac                BOARD_DebugConsoleSrcFreq
 .text.CLOCK_SetMux
                0x00003b10       0x9c ./board/clock_config.o
 .text.CLOCK_SetDiv
                0x00003bac       0x9c ./board/clock_config.o
 .text.CLOCK_ControlGate
                0x00003c48       0x64 ./board/clock_config.o
 .text.CLOCK_SetXtalFreq
                0x00003cac       0x20 ./board/clock_config.o
 .text.CLOCK_SetRtcXtalFreq
                0x00003ccc       0x20 ./board/clock_config.o
 .text.IOMUXC_EnableMode
                0x00003cec       0x48 ./board/clock_config.o
 .text.IOMUXC_MQSConfig
                0x00003d34       0x44 ./board/clock_config.o
 .text.BOARD_BootClockRUN
                0x00003d78      0x628 ./board/clock_config.o
                0x00003d78                BOARD_BootClockRUN
 .text.CLOCK_ControlGate
                0x000043a0       0x64 ./board/pin_mux.o
 .text.BOARD_InitPins
                0x00004404       0x48 ./board/pin_mux.o
                0x00004404                BOARD_InitPins
 .text.__assertion_failed
                0x0000444c       0x4c c:/nxp/mcuxpressoide_10.3.0_2200_pex/ide/plugins/com.nxp.mcuxpresso.tools.win32_10.3.0.201811011841/tools/bin/../lib/gcc/arm-none-eabi/7.3.1/../../../../arm-none-eabi/lib/thumb/v7e-m/fpv5/hard\libcr_nohost_nf.a(_cr_assert.o)
                0x0000444c                __assertion_failed
 .text._Cwritebuf
                0x00004498       0x6c c:/nxp/mcuxpressoide_10.3.0_2200_pex/ide/plugins/com.nxp.mcuxpresso.tools.win32_10.3.0.201811011841/tools/bin/../lib/gcc/arm-none-eabi/7.3.1/../../../../arm-none-eabi/lib/thumb/v7e-m/fpv5/hard\libcr_c.a(_writebuf.o)
                0x00004498                _Cwritebuf
 .text.malloc   0x00004504       0xc8 c:/nxp/mcuxpressoide_10.3.0_2200_pex/ide/plugins/com.nxp.mcuxpresso.tools.win32_10.3.0.201811011841/tools/bin/../lib/gcc/arm-none-eabi/7.3.1/../../../../arm-none-eabi/lib/thumb/v7e-m/fpv5/hard\libcr_c.a(alloc.o)
                0x00004504                malloc
 .text._Csys_alloc
                0x000045cc       0x20 c:/nxp/mcuxpressoide_10.3.0_2200_pex/ide/plugins/com.nxp.mcuxpresso.tools.win32_10.3.0.201811011841/tools/bin/../lib/gcc/arm-none-eabi/7.3.1/../../../../arm-none-eabi/lib/thumb/v7e-m/fpv5/hard\libcr_c.a(alloc.o)
                0x000045cc                _Csys_alloc
 .text.fseek    0x000045ec      0x100 c:/nxp/mcuxpressoide_10.3.0_2200_pex/ide/plugins/com.nxp.mcuxpresso.tools.win32_10.3.0.201811011841/tools/bin/../lib/gcc/arm-none-eabi/7.3.1/../../../../arm-none-eabi/lib/thumb/v7e-m/fpv5/hard\libcr_c.a(fseek.o)
                0x000045ec                fseek
 .text.ftell    0x000046ec       0x44 c:/nxp/mcuxpressoide_10.3.0_2200_pex/ide/plugins/com.nxp.mcuxpresso.tools.win32_10.3.0.201811011841/tools/bin/../lib/gcc/arm-none-eabi/7.3.1/../../../../arm-none-eabi/lib/thumb/v7e-m/fpv5/hard\libcr_c.a(ftell.o)
                0x000046ec                ftell
 .text._initio  0x00004730       0x78 c:/nxp/mcuxpressoide_10.3.0_2200_pex/ide/plugins/com.nxp.mcuxpresso.tools.win32_10.3.0.201811011841/tools/bin/../lib/gcc/arm-none-eabi/7.3.1/../../../../arm-none-eabi/lib/thumb/v7e-m/fpv5/hard\libcr_c.a(initio.o)
                0x00004730                _initio
 .text.setvbuf  0x000047a8       0x40 c:/nxp/mcuxpressoide_10.3.0_2200_pex/ide/plugins/com.nxp.mcuxpresso.tools.win32_10.3.0.201811011841/tools/bin/../lib/gcc/arm-none-eabi/7.3.1/../../../../arm-none-eabi/lib/thumb/v7e-m/fpv5/hard\libcr_c.a(setvbuf.o)
                0x000047a8                setvbuf
 .text._sbrk    0x000047e8       0x3c c:/nxp/mcuxpressoide_10.3.0_2200_pex/ide/plugins/com.nxp.mcuxpresso.tools.win32_10.3.0.201811011841/tools/bin/../lib/gcc/arm-none-eabi/7.3.1/../../../../arm-none-eabi/lib/thumb/v7e-m/fpv5/hard\libcr_c.a(_cr_sbrk.o)
                0x000047e8                _sbrk
 .text.fflush   0x00004824       0x44 c:/nxp/mcuxpressoide_10.3.0_2200_pex/ide/plugins/com.nxp.mcuxpresso.tools.win32_10.3.0.201811011841/tools/bin/../lib/gcc/arm-none-eabi/7.3.1/../../../../arm-none-eabi/lib/thumb/v7e-m/fpv5/hard\libcr_c.a(fflush.o)
                0x00004824                fflush
 .text.__check_heap_overflow
                0x00004868       0x18 c:/nxp/mcuxpressoide_10.3.0_2200_pex/ide/plugins/com.nxp.mcuxpresso.tools.win32_10.3.0.201811011841/tools/bin/../lib/gcc/arm-none-eabi/7.3.1/../../../../arm-none-eabi/lib/thumb/v7e-m/fpv5/hard\libcr_c.a(_cr_check_heap.o)
                0x00004868                __check_heap_overflow
 .text.DMA0_DMA16_IRQHandler
                0x00004880        0x8 ./startup/startup_mimxrt1052.o
                0x00004880                DMA0_DMA16_IRQHandler
 .text.DMA1_DMA17_IRQHandler
                0x00004888        0x8 ./startup/startup_mimxrt1052.o
                0x00004888                DMA1_DMA17_IRQHandler
 .text.DMA2_DMA18_IRQHandler
                0x00004890        0x8 ./startup/startup_mimxrt1052.o
                0x00004890                DMA2_DMA18_IRQHandler
 .text.DMA3_DMA19_IRQHandler
                0x00004898        0x8 ./startup/startup_mimxrt1052.o
                0x00004898                DMA3_DMA19_IRQHandler
 .text.DMA4_DMA20_IRQHandler
                0x000048a0        0x8 ./startup/startup_mimxrt1052.o
                0x000048a0                DMA4_DMA20_IRQHandler
 .text.DMA5_DMA21_IRQHandler
                0x000048a8        0x8 ./startup/startup_mimxrt1052.o
                0x000048a8                DMA5_DMA21_IRQHandler
 .text.DMA6_DMA22_IRQHandler
                0x000048b0        0x8 ./startup/startup_mimxrt1052.o
                0x000048b0                DMA6_DMA22_IRQHandler
 .text.DMA7_DMA23_IRQHandler
                0x000048b8        0x8 ./startup/startup_mimxrt1052.o
                0x000048b8                DMA7_DMA23_IRQHandler
 .text.DMA8_DMA24_IRQHandler
                0x000048c0        0x8 ./startup/startup_mimxrt1052.o
                0x000048c0                DMA8_DMA24_IRQHandler
 .text.DMA9_DMA25_IRQHandler
                0x000048c8        0x8 ./startup/startup_mimxrt1052.o
                0x000048c8                DMA9_DMA25_IRQHandler
 .text.DMA10_DMA26_IRQHandler
                0x000048d0        0x8 ./startup/startup_mimxrt1052.o
                0x000048d0                DMA10_DMA26_IRQHandler
 .text.DMA11_DMA27_IRQHandler
                0x000048d8        0x8 ./startup/startup_mimxrt1052.o
                0x000048d8                DMA11_DMA27_IRQHandler
 .text.DMA12_DMA28_IRQHandler
                0x000048e0        0x8 ./startup/startup_mimxrt1052.o
                0x000048e0                DMA12_DMA28_IRQHandler
 .text.DMA13_DMA29_IRQHandler
                0x000048e8        0x8 ./startup/startup_mimxrt1052.o
                0x000048e8                DMA13_DMA29_IRQHandler
 .text.DMA14_DMA30_IRQHandler
                0x000048f0        0x8 ./startup/startup_mimxrt1052.o
                0x000048f0                DMA14_DMA30_IRQHandler
 .text.DMA15_DMA31_IRQHandler
                0x000048f8        0x8 ./startup/startup_mimxrt1052.o
                0x000048f8                DMA15_DMA31_IRQHandler
 .text.DMA_ERROR_IRQHandler
                0x00004900        0x8 ./startup/startup_mimxrt1052.o
                0x00004900                DMA_ERROR_IRQHandler
 .text.CTI0_ERROR_IRQHandler
                0x00004908        0x8 ./startup/startup_mimxrt1052.o
                0x00004908                CTI0_ERROR_IRQHandler
 .text.CTI1_ERROR_IRQHandler
                0x00004910        0x8 ./startup/startup_mimxrt1052.o
                0x00004910                CTI1_ERROR_IRQHandler
 .text.CORE_IRQHandler
                0x00004918        0x8 ./startup/startup_mimxrt1052.o
                0x00004918                CORE_IRQHandler
 .text.LPUART1_IRQHandler
                0x00004920        0x8 ./startup/startup_mimxrt1052.o
                0x00004920                LPUART1_IRQHandler
 .text.LPUART2_IRQHandler
                0x00004928        0x8 ./startup/startup_mimxrt1052.o
                0x00004928                LPUART2_IRQHandler
 .text.LPUART3_IRQHandler
                0x00004930        0x8 ./startup/startup_mimxrt1052.o
                0x00004930                LPUART3_IRQHandler
 .text.LPUART4_IRQHandler
                0x00004938        0x8 ./startup/startup_mimxrt1052.o
                0x00004938                LPUART4_IRQHandler
 .text.LPUART5_IRQHandler
                0x00004940        0x8 ./startup/startup_mimxrt1052.o
                0x00004940                LPUART5_IRQHandler
 .text.LPUART6_IRQHandler
                0x00004948        0x8 ./startup/startup_mimxrt1052.o
                0x00004948                LPUART6_IRQHandler
 .text.LPUART7_IRQHandler
                0x00004950        0x8 ./startup/startup_mimxrt1052.o
                0x00004950                LPUART7_IRQHandler
 .text.LPUART8_IRQHandler
                0x00004958        0x8 ./startup/startup_mimxrt1052.o
                0x00004958                LPUART8_IRQHandler
 .text.LPI2C1_IRQHandler
                0x00004960        0x8 ./startup/startup_mimxrt1052.o
                0x00004960                LPI2C1_IRQHandler
 .text.LPI2C2_IRQHandler
                0x00004968        0x8 ./startup/startup_mimxrt1052.o
                0x00004968                LPI2C2_IRQHandler
 .text.LPI2C3_IRQHandler
                0x00004970        0x8 ./startup/startup_mimxrt1052.o
                0x00004970                LPI2C3_IRQHandler
 .text.LPI2C4_IRQHandler
                0x00004978        0x8 ./startup/startup_mimxrt1052.o
                0x00004978                LPI2C4_IRQHandler
 .text.LPSPI1_IRQHandler
                0x00004980        0x8 ./startup/startup_mimxrt1052.o
                0x00004980                LPSPI1_IRQHandler
 .text.LPSPI2_IRQHandler
                0x00004988        0x8 ./startup/startup_mimxrt1052.o
                0x00004988                LPSPI2_IRQHandler
 .text.LPSPI3_IRQHandler
                0x00004990        0x8 ./startup/startup_mimxrt1052.o
                0x00004990                LPSPI3_IRQHandler
 .text.LPSPI4_IRQHandler
                0x00004998        0x8 ./startup/startup_mimxrt1052.o
                0x00004998                LPSPI4_IRQHandler
 .text.CAN1_IRQHandler
                0x000049a0        0x8 ./startup/startup_mimxrt1052.o
                0x000049a0                CAN1_IRQHandler
 .text.CAN2_IRQHandler
                0x000049a8        0x8 ./startup/startup_mimxrt1052.o
                0x000049a8                CAN2_IRQHandler
 .text.FLEXRAM_IRQHandler
                0x000049b0        0x8 ./startup/startup_mimxrt1052.o
                0x000049b0                FLEXRAM_IRQHandler
 .text.KPP_IRQHandler
                0x000049b8        0x8 ./startup/startup_mimxrt1052.o
                0x000049b8                KPP_IRQHandler
 .text.TSC_DIG_IRQHandler
                0x000049c0        0x8 ./startup/startup_mimxrt1052.o
                0x000049c0                TSC_DIG_IRQHandler
 .text.GPR_IRQ_IRQHandler
                0x000049c8        0x8 ./startup/startup_mimxrt1052.o
                0x000049c8                GPR_IRQ_IRQHandler
 .text.LCDIF_IRQHandler
                0x000049d0        0x8 ./startup/startup_mimxrt1052.o
                0x000049d0                LCDIF_IRQHandler
 .text.CSI_IRQHandler
                0x000049d8        0x8 ./startup/startup_mimxrt1052.o
                0x000049d8                CSI_IRQHandler
 .text.PXP_IRQHandler
                0x000049e0        0x8 ./startup/startup_mimxrt1052.o
                0x000049e0                PXP_IRQHandler
 .text.WDOG2_IRQHandler
                0x000049e8        0x8 ./startup/startup_mimxrt1052.o
                0x000049e8                WDOG2_IRQHandler
 .text.SNVS_HP_WRAPPER_IRQHandler
                0x000049f0        0x8 ./startup/startup_mimxrt1052.o
                0x000049f0                SNVS_HP_WRAPPER_IRQHandler
 .text.SNVS_HP_WRAPPER_TZ_IRQHandler
                0x000049f8        0x8 ./startup/startup_mimxrt1052.o
                0x000049f8                SNVS_HP_WRAPPER_TZ_IRQHandler
 .text.SNVS_LP_WRAPPER_IRQHandler
                0x00004a00        0x8 ./startup/startup_mimxrt1052.o
                0x00004a00                SNVS_LP_WRAPPER_IRQHandler
 .text.CSU_IRQHandler
                0x00004a08        0x8 ./startup/startup_mimxrt1052.o
                0x00004a08                CSU_IRQHandler
 .text.DCP_IRQHandler
                0x00004a10        0x8 ./startup/startup_mimxrt1052.o
                0x00004a10                DCP_IRQHandler
 .text.DCP_VMI_IRQHandler
                0x00004a18        0x8 ./startup/startup_mimxrt1052.o
                0x00004a18                DCP_VMI_IRQHandler
 .text.Reserved68_IRQHandler
                0x00004a20        0x8 ./startup/startup_mimxrt1052.o
                0x00004a20                Reserved68_IRQHandler
 .text.TRNG_IRQHandler
                0x00004a28        0x8 ./startup/startup_mimxrt1052.o
                0x00004a28                TRNG_IRQHandler
 .text.SJC_IRQHandler
                0x00004a30        0x8 ./startup/startup_mimxrt1052.o
                0x00004a30                SJC_IRQHandler
 .text.BEE_IRQHandler
                0x00004a38        0x8 ./startup/startup_mimxrt1052.o
                0x00004a38                BEE_IRQHandler
 .text.SAI1_IRQHandler
                0x00004a40        0x8 ./startup/startup_mimxrt1052.o
                0x00004a40                SAI1_IRQHandler
 .text.SAI2_IRQHandler
                0x00004a48        0x8 ./startup/startup_mimxrt1052.o
                0x00004a48                SAI2_IRQHandler
 .text.SAI3_RX_IRQHandler
                0x00004a50        0x8 ./startup/startup_mimxrt1052.o
                0x00004a50                SAI3_RX_IRQHandler
 .text.SAI3_TX_IRQHandler
                0x00004a58        0x8 ./startup/startup_mimxrt1052.o
                0x00004a58                SAI3_TX_IRQHandler
 .text.SPDIF_IRQHandler
                0x00004a60        0x8 ./startup/startup_mimxrt1052.o
                0x00004a60                SPDIF_IRQHandler
 .text.PMU_EVENT_IRQHandler
                0x00004a68        0x8 ./startup/startup_mimxrt1052.o
                0x00004a68                PMU_EVENT_IRQHandler
 .text.Reserved78_IRQHandler
                0x00004a70        0x8 ./startup/startup_mimxrt1052.o
                0x00004a70                Reserved78_IRQHandler
 .text.TEMP_LOW_HIGH_IRQHandler
                0x00004a78        0x8 ./startup/startup_mimxrt1052.o
                0x00004a78                TEMP_LOW_HIGH_IRQHandler
 .text.TEMP_PANIC_IRQHandler
                0x00004a80        0x8 ./startup/startup_mimxrt1052.o
                0x00004a80                TEMP_PANIC_IRQHandler
 .text.USB_PHY1_IRQHandler
                0x00004a88        0x8 ./startup/startup_mimxrt1052.o
                0x00004a88                USB_PHY1_IRQHandler
 .text.USB_PHY2_IRQHandler
                0x00004a90        0x8 ./startup/startup_mimxrt1052.o
                0x00004a90                USB_PHY2_IRQHandler
 .text.ADC1_IRQHandler
                0x00004a98        0x8 ./startup/startup_mimxrt1052.o
                0x00004a98                ADC1_IRQHandler
 .text.ADC2_IRQHandler
                0x00004aa0        0x8 ./startup/startup_mimxrt1052.o
                0x00004aa0                ADC2_IRQHandler
 .text.DCDC_IRQHandler
                0x00004aa8        0x8 ./startup/startup_mimxrt1052.o
                0x00004aa8                DCDC_IRQHandler
 .text.Reserved86_IRQHandler
                0x00004ab0        0x8 ./startup/startup_mimxrt1052.o
                0x00004ab0                Reserved86_IRQHandler
 .text.Reserved87_IRQHandler
                0x00004ab8        0x8 ./startup/startup_mimxrt1052.o
                0x00004ab8                Reserved87_IRQHandler
 .text.GPIO1_INT0_IRQHandler
                0x00004ac0        0x8 ./startup/startup_mimxrt1052.o
                0x00004ac0                GPIO1_INT0_IRQHandler
 .text.GPIO1_INT1_IRQHandler
                0x00004ac8        0x8 ./startup/startup_mimxrt1052.o
                0x00004ac8                GPIO1_INT1_IRQHandler
 .text.GPIO1_INT2_IRQHandler
                0x00004ad0        0x8 ./startup/startup_mimxrt1052.o
                0x00004ad0                GPIO1_INT2_IRQHandler
 .text.GPIO1_INT3_IRQHandler
                0x00004ad8        0x8 ./startup/startup_mimxrt1052.o
                0x00004ad8                GPIO1_INT3_IRQHandler
 .text.GPIO1_INT4_IRQHandler
                0x00004ae0        0x8 ./startup/startup_mimxrt1052.o
                0x00004ae0                GPIO1_INT4_IRQHandler
 .text.GPIO1_INT5_IRQHandler
                0x00004ae8        0x8 ./startup/startup_mimxrt1052.o
                0x00004ae8                GPIO1_INT5_IRQHandler
 .text.GPIO1_INT6_IRQHandler
                0x00004af0        0x8 ./startup/startup_mimxrt1052.o
                0x00004af0                GPIO1_INT6_IRQHandler
 .text.GPIO1_INT7_IRQHandler
                0x00004af8        0x8 ./startup/startup_mimxrt1052.o
                0x00004af8                GPIO1_INT7_IRQHandler
 .text.GPIO1_Combined_0_15_IRQHandler
                0x00004b00        0x8 ./startup/startup_mimxrt1052.o
                0x00004b00                GPIO1_Combined_0_15_IRQHandler
 .text.GPIO1_Combined_16_31_IRQHandler
                0x00004b08        0x8 ./startup/startup_mimxrt1052.o
                0x00004b08                GPIO1_Combined_16_31_IRQHandler
 .text.GPIO2_Combined_0_15_IRQHandler
                0x00004b10        0x8 ./startup/startup_mimxrt1052.o
                0x00004b10                GPIO2_Combined_0_15_IRQHandler
 .text.GPIO2_Combined_16_31_IRQHandler
                0x00004b18        0x8 ./startup/startup_mimxrt1052.o
                0x00004b18                GPIO2_Combined_16_31_IRQHandler
 .text.GPIO3_Combined_0_15_IRQHandler
                0x00004b20        0x8 ./startup/startup_mimxrt1052.o
                0x00004b20                GPIO3_Combined_0_15_IRQHandler
 .text.GPIO3_Combined_16_31_IRQHandler
                0x00004b28        0x8 ./startup/startup_mimxrt1052.o
                0x00004b28                GPIO3_Combined_16_31_IRQHandler
 .text.GPIO4_Combined_0_15_IRQHandler
                0x00004b30        0x8 ./startup/startup_mimxrt1052.o
                0x00004b30                GPIO4_Combined_0_15_IRQHandler
 .text.GPIO4_Combined_16_31_IRQHandler
                0x00004b38        0x8 ./startup/startup_mimxrt1052.o
                0x00004b38                GPIO4_Combined_16_31_IRQHandler
 .text.GPIO5_Combined_0_15_IRQHandler
                0x00004b40        0x8 ./startup/startup_mimxrt1052.o
                0x00004b40                GPIO5_Combined_0_15_IRQHandler
 .text.GPIO5_Combined_16_31_IRQHandler
                0x00004b48        0x8 ./startup/startup_mimxrt1052.o
                0x00004b48                GPIO5_Combined_16_31_IRQHandler
 .text.FLEXIO1_IRQHandler
                0x00004b50        0x8 ./startup/startup_mimxrt1052.o
                0x00004b50                FLEXIO1_IRQHandler
 .text.FLEXIO2_IRQHandler
                0x00004b58        0x8 ./startup/startup_mimxrt1052.o
                0x00004b58                FLEXIO2_IRQHandler
 .text.WDOG1_IRQHandler
                0x00004b60        0x8 ./startup/startup_mimxrt1052.o
                0x00004b60                WDOG1_IRQHandler
 .text.RTWDOG_IRQHandler
                0x00004b68        0x8 ./startup/startup_mimxrt1052.o
                0x00004b68                RTWDOG_IRQHandler
 .text.EWM_IRQHandler
                0x00004b70        0x8 ./startup/startup_mimxrt1052.o
                0x00004b70                EWM_IRQHandler
 .text.CCM_1_IRQHandler
                0x00004b78        0x8 ./startup/startup_mimxrt1052.o
                0x00004b78                CCM_1_IRQHandler
 .text.CCM_2_IRQHandler
                0x00004b80        0x8 ./startup/startup_mimxrt1052.o
                0x00004b80                CCM_2_IRQHandler
 .text.GPC_IRQHandler
                0x00004b88        0x8 ./startup/startup_mimxrt1052.o
                0x00004b88                GPC_IRQHandler
 .text.SRC_IRQHandler
                0x00004b90        0x8 ./startup/startup_mimxrt1052.o
                0x00004b90                SRC_IRQHandler
 .text.Reserved115_IRQHandler
                0x00004b98        0x8 ./startup/startup_mimxrt1052.o
                0x00004b98                Reserved115_IRQHandler
 .text.GPT1_IRQHandler
                0x00004ba0        0x8 ./startup/startup_mimxrt1052.o
                0x00004ba0                GPT1_IRQHandler
 .text.GPT2_IRQHandler
                0x00004ba8        0x8 ./startup/startup_mimxrt1052.o
                0x00004ba8                GPT2_IRQHandler
 .text.PWM1_0_IRQHandler
                0x00004bb0        0x8 ./startup/startup_mimxrt1052.o
                0x00004bb0                PWM1_0_IRQHandler
 .text.PWM1_1_IRQHandler
                0x00004bb8        0x8 ./startup/startup_mimxrt1052.o
                0x00004bb8                PWM1_1_IRQHandler
 .text.PWM1_2_IRQHandler
                0x00004bc0        0x8 ./startup/startup_mimxrt1052.o
                0x00004bc0                PWM1_2_IRQHandler
 .text.PWM1_3_IRQHandler
                0x00004bc8        0x8 ./startup/startup_mimxrt1052.o
                0x00004bc8                PWM1_3_IRQHandler
 .text.PWM1_FAULT_IRQHandler
                0x00004bd0        0x8 ./startup/startup_mimxrt1052.o
                0x00004bd0                PWM1_FAULT_IRQHandler
 .text.Reserved123_IRQHandler
                0x00004bd8        0x8 ./startup/startup_mimxrt1052.o
                0x00004bd8                Reserved123_IRQHandler
 .text.FLEXSPI_IRQHandler
                0x00004be0        0x8 ./startup/startup_mimxrt1052.o
                0x00004be0                FLEXSPI_IRQHandler
 .text.SEMC_IRQHandler
                0x00004be8        0x8 ./startup/startup_mimxrt1052.o
                0x00004be8                SEMC_IRQHandler
 .text.USDHC1_IRQHandler
                0x00004bf0        0x8 ./startup/startup_mimxrt1052.o
                0x00004bf0                USDHC1_IRQHandler
 .text.USDHC2_IRQHandler
                0x00004bf8        0x8 ./startup/startup_mimxrt1052.o
                0x00004bf8                USDHC2_IRQHandler
 .text.USB_OTG2_IRQHandler
                0x00004c00        0x8 ./startup/startup_mimxrt1052.o
                0x00004c00                USB_OTG2_IRQHandler
 .text.USB_OTG1_IRQHandler
                0x00004c08        0x8 ./startup/startup_mimxrt1052.o
                0x00004c08                USB_OTG1_IRQHandler
 .text.ENET_IRQHandler
                0x00004c10        0x8 ./startup/startup_mimxrt1052.o
                0x00004c10                ENET_IRQHandler
 .text.ENET_1588_Timer_IRQHandler
                0x00004c18        0x8 ./startup/startup_mimxrt1052.o
                0x00004c18                ENET_1588_Timer_IRQHandler
 .text.XBAR1_IRQ_0_1_IRQHandler
                0x00004c20        0x8 ./startup/startup_mimxrt1052.o
                0x00004c20                XBAR1_IRQ_0_1_IRQHandler
 .text.XBAR1_IRQ_2_3_IRQHandler
                0x00004c28        0x8 ./startup/startup_mimxrt1052.o
                0x00004c28                XBAR1_IRQ_2_3_IRQHandler
 .text.ADC_ETC_IRQ0_IRQHandler
                0x00004c30        0x8 ./startup/startup_mimxrt1052.o
                0x00004c30                ADC_ETC_IRQ0_IRQHandler
 .text.ADC_ETC_IRQ1_IRQHandler
                0x00004c38        0x8 ./startup/startup_mimxrt1052.o
                0x00004c38                ADC_ETC_IRQ1_IRQHandler
 .text.ADC_ETC_IRQ2_IRQHandler
                0x00004c40        0x8 ./startup/startup_mimxrt1052.o
                0x00004c40                ADC_ETC_IRQ2_IRQHandler
 .text.ADC_ETC_ERROR_IRQ_IRQHandler
                0x00004c48        0x8 ./startup/startup_mimxrt1052.o
                0x00004c48                ADC_ETC_ERROR_IRQ_IRQHandler
 .text.PIT_IRQHandler
                0x00004c50        0x8 ./startup/startup_mimxrt1052.o
                0x00004c50                PIT_IRQHandler
 .text.ACMP1_IRQHandler
                0x00004c58        0x8 ./startup/startup_mimxrt1052.o
                0x00004c58                ACMP1_IRQHandler
 .text.ACMP2_IRQHandler
                0x00004c60        0x8 ./startup/startup_mimxrt1052.o
                0x00004c60                ACMP2_IRQHandler
 .text.ACMP3_IRQHandler
                0x00004c68        0x8 ./startup/startup_mimxrt1052.o
                0x00004c68                ACMP3_IRQHandler
 .text.ACMP4_IRQHandler
                0x00004c70        0x8 ./startup/startup_mimxrt1052.o
                0x00004c70                ACMP4_IRQHandler
 .text.Reserved143_IRQHandler
                0x00004c78        0x8 ./startup/startup_mimxrt1052.o
                0x00004c78                Reserved143_IRQHandler
 .text.Reserved144_IRQHandler
                0x00004c80        0x8 ./startup/startup_mimxrt1052.o
                0x00004c80                Reserved144_IRQHandler
 .text.ENC1_IRQHandler
                0x00004c88        0x8 ./startup/startup_mimxrt1052.o
                0x00004c88                ENC1_IRQHandler
 .text.ENC2_IRQHandler
                0x00004c90        0x8 ./startup/startup_mimxrt1052.o
                0x00004c90                ENC2_IRQHandler
 .text.ENC3_IRQHandler
                0x00004c98        0x8 ./startup/startup_mimxrt1052.o
                0x00004c98                ENC3_IRQHandler
 .text.ENC4_IRQHandler
                0x00004ca0        0x8 ./startup/startup_mimxrt1052.o
                0x00004ca0                ENC4_IRQHandler
 .text.TMR1_IRQHandler
                0x00004ca8        0x8 ./startup/startup_mimxrt1052.o
                0x00004ca8                TMR1_IRQHandler
 .text.TMR2_IRQHandler
                0x00004cb0        0x8 ./startup/startup_mimxrt1052.o
                0x00004cb0                TMR2_IRQHandler
 .text.TMR3_IRQHandler
                0x00004cb8        0x8 ./startup/startup_mimxrt1052.o
                0x00004cb8                TMR3_IRQHandler
 .text.TMR4_IRQHandler
                0x00004cc0        0x8 ./startup/startup_mimxrt1052.o
                0x00004cc0                TMR4_IRQHandler
 .text.PWM2_0_IRQHandler
                0x00004cc8        0x8 ./startup/startup_mimxrt1052.o
                0x00004cc8                PWM2_0_IRQHandler
 .text.PWM2_1_IRQHandler
                0x00004cd0        0x8 ./startup/startup_mimxrt1052.o
                0x00004cd0                PWM2_1_IRQHandler
 .text.PWM2_2_IRQHandler
                0x00004cd8        0x8 ./startup/startup_mimxrt1052.o
                0x00004cd8                PWM2_2_IRQHandler
 .text.PWM2_3_IRQHandler
                0x00004ce0        0x8 ./startup/startup_mimxrt1052.o
                0x00004ce0                PWM2_3_IRQHandler
 .text.PWM2_FAULT_IRQHandler
                0x00004ce8        0x8 ./startup/startup_mimxrt1052.o
                0x00004ce8                PWM2_FAULT_IRQHandler
 .text.PWM3_0_IRQHandler
                0x00004cf0        0x8 ./startup/startup_mimxrt1052.o
                0x00004cf0                PWM3_0_IRQHandler
 .text.PWM3_1_IRQHandler
                0x00004cf8        0x8 ./startup/startup_mimxrt1052.o
                0x00004cf8                PWM3_1_IRQHandler
 .text.PWM3_2_IRQHandler
                0x00004d00        0x8 ./startup/startup_mimxrt1052.o
                0x00004d00                PWM3_2_IRQHandler
 .text.PWM3_3_IRQHandler
                0x00004d08        0x8 ./startup/startup_mimxrt1052.o
                0x00004d08                PWM3_3_IRQHandler
 .text.PWM3_FAULT_IRQHandler
                0x00004d10        0x8 ./startup/startup_mimxrt1052.o
                0x00004d10                PWM3_FAULT_IRQHandler
 .text.PWM4_0_IRQHandler
                0x00004d18        0x8 ./startup/startup_mimxrt1052.o
                0x00004d18                PWM4_0_IRQHandler
 .text.PWM4_1_IRQHandler
                0x00004d20        0x8 ./startup/startup_mimxrt1052.o
                0x00004d20                PWM4_1_IRQHandler
 .text.PWM4_2_IRQHandler
                0x00004d28        0x8 ./startup/startup_mimxrt1052.o
                0x00004d28                PWM4_2_IRQHandler
 .text.PWM4_3_IRQHandler
                0x00004d30        0x8 ./startup/startup_mimxrt1052.o
                0x00004d30                PWM4_3_IRQHandler
 .text.PWM4_FAULT_IRQHandler
                0x00004d38        0x8 ./startup/startup_mimxrt1052.o
                0x00004d38                PWM4_FAULT_IRQHandler
 .text.HardFault_Handler
                0x00004d40       0x2c ./source/semihost_hardfault.o
                0x00004d40                HardFault_Handler
 .text.CLOCK_IsPllBypassed
                0x00004d6c       0x32 ./drivers/fsl_clock.o
 .text.CLOCK_IsPllEnabled
                0x00004d9e       0x3c ./drivers/fsl_clock.o
 .text.CLOCK_GetPllBypassRefClk
                0x00004dda       0x34 ./drivers/fsl_clock.o
 .text.CLOCK_EnableClock
                0x00004e0e       0x1e ./drivers/fsl_gpio.o
 .text.GPIO_SetPinInterruptConfig
                0x00004e2c       0x22 ./drivers/fsl_gpio.o
 .text.CLOCK_EnableClock
                0x00004e4e       0x1e ./drivers/fsl_lpuart.o
 .text.LPUART_SoftwareReset
                0x00004e6c       0x2c ./drivers/fsl_lpuart.o
 .text.SystemInitHook
                0x00004e98        0xe ./device/system_MIMXRT1052.o
                0x00004e98                SystemInitHook
 .text.HAL_UartGetStatus
                0x00004ea6       0x22 ./component/uart/lpuart_adapter.o
 .text.BOARD_InitDebugConsole
                0x00004ec8       0x22 ./board/board.o
                0x00004ec8                BOARD_InitDebugConsole
 .text.CLOCK_DisableClock
                0x00004eea       0x1e ./board/clock_config.o
 .text.CLOCK_SetPllBypass
                0x00004f08       0x4e ./board/clock_config.o
 .text.IOMUXC_SetSaiMClkClockSource
                0x00004f56       0x6c ./board/clock_config.o
 .text.CLOCK_EnableClock
                0x00004fc2       0x1e ./board/pin_mux.o
 .text.IOMUXC_SetPinMux
                0x00004fe0       0x3a ./board/pin_mux.o
 .text.IOMUXC_SetPinConfig
                0x0000501a       0x26 ./board/pin_mux.o
 .text.__main   0x00005040        0xe c:/nxp/mcuxpressoide_10.3.0_2200_pex/ide/plugins/com.nxp.mcuxpresso.tools.win32_10.3.0.201811011841/tools/bin/../lib/gcc/arm-none-eabi/7.3.1/../../../../arm-none-eabi/lib/thumb/v7e-m/fpv5/hard\libcr_nohost_nf.a(_cr__main.o)
                0x00005040                __main
 .text.__sys_appexit
                0x0000504e        0x2 c:/nxp/mcuxpressoide_10.3.0_2200_pex/ide/plugins/com.nxp.mcuxpresso.tools.win32_10.3.0.201811011841/tools/bin/../lib/gcc/arm-none-eabi/7.3.1/../../../../arm-none-eabi/lib/thumb/v7e-m/fpv5/hard\libcr_nohost_nf.a(__sys_appexit.o)
                0x0000504e                __sys_appexit
                0x0000504e                __exit
 .text.memset   0x00005050        0x4 c:/nxp/mcuxpressoide_10.3.0_2200_pex/ide/plugins/com.nxp.mcuxpresso.tools.win32_10.3.0.201811011841/tools/bin/../lib/gcc/arm-none-eabi/7.3.1/../../../../arm-none-eabi/lib/thumb/v7e-m/fpv5/hard\libcr_c.a(memset.o)
                0x00005050                memset
 .text._deferredlazyseek
                0x00005054       0x40 c:/nxp/mcuxpressoide_10.3.0_2200_pex/ide/plugins/com.nxp.mcuxpresso.tools.win32_10.3.0.201811011841/tools/bin/../lib/gcc/arm-none-eabi/7.3.1/../../../../arm-none-eabi/lib/thumb/v7e-m/fpv5/hard\libcr_c.a(_deferredlazyseek.o)
                0x00005054                _deferredlazyseek
 .text.__flsbuf
                0x00005094      0x140 c:/nxp/mcuxpressoide_10.3.0_2200_pex/ide/plugins/com.nxp.mcuxpresso.tools.win32_10.3.0.201811011841/tools/bin/../lib/gcc/arm-none-eabi/7.3.1/../../../../arm-none-eabi/lib/thumb/v7e-m/fpv5/hard\libcr_c.a(_deferredlazyseek.o)
                0x00005094                __flsbuf
 .text._fflush  0x000051d4       0x52 c:/nxp/mcuxpressoide_10.3.0_2200_pex/ide/plugins/com.nxp.mcuxpresso.tools.win32_10.3.0.201811011841/tools/bin/../lib/gcc/arm-none-eabi/7.3.1/../../../../arm-none-eabi/lib/thumb/v7e-m/fpv5/hard\libcr_c.a(_fflush.o)
                0x000051d4                _fflush
 .text.free     0x00005226       0x30 c:/nxp/mcuxpressoide_10.3.0_2200_pex/ide/plugins/com.nxp.mcuxpresso.tools.win32_10.3.0.201811011841/tools/bin/../lib/gcc/arm-none-eabi/7.3.1/../../../../arm-none-eabi/lib/thumb/v7e-m/fpv5/hard\libcr_c.a(alloc.o)
                0x00005226                free
 .text.fputs    0x00005256       0x2c c:/nxp/mcuxpressoide_10.3.0_2200_pex/ide/plugins/com.nxp.mcuxpresso.tools.win32_10.3.0.201811011841/tools/bin/../lib/gcc/arm-none-eabi/7.3.1/../../../../arm-none-eabi/lib/thumb/v7e-m/fpv5/hard\libcr_c.a(fputs.o)
                0x00005256                fputs
 .text.strlen   0x00005282       0x4a c:/nxp/mcuxpressoide_10.3.0_2200_pex/ide/plugins/com.nxp.mcuxpresso.tools.win32_10.3.0.201811011841/tools/bin/../lib/gcc/arm-none-eabi/7.3.1/../../../../arm-none-eabi/lib/thumb/v7e-m/fpv5/hard\libcr_c.a(strlen.o)
                0x00005282                strlen
 .text._fdopen  0x000052cc       0x68 c:/nxp/mcuxpressoide_10.3.0_2200_pex/ide/plugins/com.nxp.mcuxpresso.tools.win32_10.3.0.201811011841/tools/bin/../lib/gcc/arm-none-eabi/7.3.1/../../../../arm-none-eabi/lib/thumb/v7e-m/fpv5/hard\libcr_c.a(_fdopen.o)
                0x000052cc                _fdopen
 .text.fclose   0x00005334       0x58 c:/nxp/mcuxpressoide_10.3.0_2200_pex/ide/plugins/com.nxp.mcuxpresso.tools.win32_10.3.0.201811011841/tools/bin/../lib/gcc/arm-none-eabi/7.3.1/../../../../arm-none-eabi/lib/thumb/v7e-m/fpv5/hard\libcr_c.a(fclose.o)
                0x00005334                fclose
 .text.remove   0x0000538c       0x14 c:/nxp/mcuxpressoide_10.3.0_2200_pex/ide/plugins/com.nxp.mcuxpresso.tools.win32_10.3.0.201811011841/tools/bin/../lib/gcc/arm-none-eabi/7.3.1/../../../../arm-none-eabi/lib/thumb/v7e-m/fpv5/hard\libcr_c.a(remove.o)
                0x0000538c                remove
 .text._do_fflush
                0x000053a0       0x40 c:/nxp/mcuxpressoide_10.3.0_2200_pex/ide/plugins/com.nxp.mcuxpresso.tools.win32_10.3.0.201811011841/tools/bin/../lib/gcc/arm-none-eabi/7.3.1/../../../../arm-none-eabi/lib/thumb/v7e-m/fpv5/hard\libcr_c.a(_do_fflush.o)
                0x000053a0                _do_fflush
 .text.__aeabi_division_uldivmod
                0x000053e0      0x174 c:/nxp/mcuxpressoide_10.3.0_2200_pex/ide/plugins/com.nxp.mcuxpresso.tools.win32_10.3.0.201811011841/tools/bin/../lib/gcc/arm-none-eabi/7.3.1/thumb/v7e-m/fpv5/hard\libcr_eabihelpers.a(division_64.o)
                0x000053e0                __aeabi_uldivmod
                0x000053e4                __bhs_ldivmod1
 .text.__aeabi_division_idiv0
                0x00005554        0x2 c:/nxp/mcuxpressoide_10.3.0_2200_pex/ide/plugins/com.nxp.mcuxpresso.tools.win32_10.3.0.201811011841/tools/bin/../lib/gcc/arm-none-eabi/7.3.1/thumb/v7e-m/fpv5/hard\libcr_eabihelpers.a(division_idiv0.o)
                0x00005554                __aeabi_idiv0
 .text.__aeabi_memset_lowlevel
                0x00005556       0x32 c:/nxp/mcuxpressoide_10.3.0_2200_pex/ide/plugins/com.nxp.mcuxpresso.tools.win32_10.3.0.201811011841/tools/bin/../lib/gcc/arm-none-eabi/7.3.1/thumb/v7e-m/fpv5/hard\libcr_eabihelpers.a(memcpy.o)
                0x00005556                __aeabi_lowlevel_memset
 .text.__sys_close
                0x00005588        0x6 c:/nxp/mcuxpressoide_10.3.0_2200_pex/ide/plugins/com.nxp.mcuxpresso.tools.win32_10.3.0.201811011841/tools/bin/../lib/gcc/arm-none-eabi/7.3.1/../../../../arm-none-eabi/lib/thumb/v7e-m/fpv5/hard\libcr_nohost_nf.a(__sys_close.o)
                0x00005588                __sys_close
 .text.__sys_flen
                0x0000558e        0x6 c:/nxp/mcuxpressoide_10.3.0_2200_pex/ide/plugins/com.nxp.mcuxpresso.tools.win32_10.3.0.201811011841/tools/bin/../lib/gcc/arm-none-eabi/7.3.1/../../../../arm-none-eabi/lib/thumb/v7e-m/fpv5/hard\libcr_nohost_nf.a(__sys_flen.o)
                0x0000558e                __sys_flen
 .text.__sys_istty
                0x00005594        0x6 c:/nxp/mcuxpressoide_10.3.0_2200_pex/ide/plugins/com.nxp.mcuxpresso.tools.win32_10.3.0.201811011841/tools/bin/../lib/gcc/arm-none-eabi/7.3.1/../../../../arm-none-eabi/lib/thumb/v7e-m/fpv5/hard\libcr_nohost_nf.a(__sys_istty.o)
                0x00005594                __sys_istty
 .text.__sys_remove
                0x0000559a        0x6 c:/nxp/mcuxpressoide_10.3.0_2200_pex/ide/plugins/com.nxp.mcuxpresso.tools.win32_10.3.0.201811011841/tools/bin/../lib/gcc/arm-none-eabi/7.3.1/../../../../arm-none-eabi/lib/thumb/v7e-m/fpv5/hard\libcr_nohost_nf.a(__sys_remove.o)
                0x0000559a                __sys_remove
 .text.__sys_seek
                0x000055a0        0x6 c:/nxp/mcuxpressoide_10.3.0_2200_pex/ide/plugins/com.nxp.mcuxpresso.tools.win32_10.3.0.201811011841/tools/bin/../lib/gcc/arm-none-eabi/7.3.1/../../../../arm-none-eabi/lib/thumb/v7e-m/fpv5/hard\libcr_nohost_nf.a(__sys_seek.o)
                0x000055a0                __sys_seek
 .text.__sys_tmpnam
                0x000055a6        0x6 c:/nxp/mcuxpressoide_10.3.0_2200_pex/ide/plugins/com.nxp.mcuxpresso.tools.win32_10.3.0.201811011841/tools/bin/../lib/gcc/arm-none-eabi/7.3.1/../../../../arm-none-eabi/lib/thumb/v7e-m/fpv5/hard\libcr_nohost_nf.a(__sys_tmpnam.o)
                0x000055a6                __sys_tmpnam
 .text.__sys_write
                0x000055ac        0x4 c:/nxp/mcuxpressoide_10.3.0_2200_pex/ide/plugins/com.nxp.mcuxpresso.tools.win32_10.3.0.201811011841/tools/bin/../lib/gcc/arm-none-eabi/7.3.1/../../../../arm-none-eabi/lib/thumb/v7e-m/fpv5/hard\libcr_nohost_nf.a(__sys_write.o)
                0x000055ac                __sys_write
 *(SORT_BY_ALIGNMENT(.rodata) SORT_BY_ALIGNMENT(.rodata.*) SORT_BY_ALIGNMENT(.constdata) SORT_BY_ALIGNMENT(.constdata.*))
 .rodata        0x000055b0      0x1b7 ./utilities/fsl_debug_console.o
 *fill*         0x00005767        0x1 ff
 .rodata        0x00005768       0x3c ./drivers/fsl_clock.o
 .rodata        0x000057a4       0x8d ./drivers/fsl_gpio.o
 *fill*         0x00005831        0x3 ff
 .rodata.s_gpioBases
                0x00005834       0x18 ./drivers/fsl_gpio.o
 .rodata.s_gpioClock
                0x0000584c        0xc ./drivers/fsl_gpio.o
 .rodata        0x00005858      0x5c6 ./drivers/fsl_lpuart.o
 *fill*         0x00005e1e        0x2 ff
 .rodata.s_lpuartBases
                0x00005e20       0x24 ./drivers/fsl_lpuart.o
 .rodata.s_lpuartClock
                0x00005e44       0x12 ./drivers/fsl_lpuart.o
 *fill*         0x00005e56        0x2 ff
 .rodata.s_LpuartAdapterBase
                0x00005e58       0x24 ./component/uart/lpuart_adapter.o
 .rodata        0x00005e7c      0x274 ./component/uart/lpuart_adapter.o
 .rodata        0x000060f0      0x521 ./component/serial_manager/serial_manager.o
 *fill*         0x00006611        0x3 ff
 .rodata        0x00006614      0x244 ./component/serial_manager/serial_port_uart.o
 .rodata        0x00006858       0xa0 ./board/clock_config.o
 .rodata.armPllConfig_BOARD_BootClockRUN
                0x000068f8        0x8 ./board/clock_config.o
                0x000068f8                armPllConfig_BOARD_BootClockRUN
 .rodata.sysPllConfig_BOARD_BootClockRUN
                0x00006900       0x14 ./board/clock_config.o
                0x00006900                sysPllConfig_BOARD_BootClockRUN
 .rodata        0x00006914       0x28 ./board/pin_mux.o
 .rodata.__num_Ciob_streams
                0x0000693c        0x4 c:/nxp/mcuxpressoide_10.3.0_2200_pex/ide/plugins/com.nxp.mcuxpresso.tools.win32_10.3.0.201811011841/tools/bin/../lib/gcc/arm-none-eabi/7.3.1/../../../../arm-none-eabi/lib/thumb/v7e-m/fpv5/hard\libcr_nohost_nf.a(__ciob.o)
                0x0000693c                __num_Ciob_streams
 .rodata.__assertion_failed.str1.1
                0x00006940       0x15 c:/nxp/mcuxpressoide_10.3.0_2200_pex/ide/plugins/com.nxp.mcuxpresso.tools.win32_10.3.0.201811011841/tools/bin/../lib/gcc/arm-none-eabi/7.3.1/../../../../arm-none-eabi/lib/thumb/v7e-m/fpv5/hard\libcr_nohost_nf.a(_cr_assert.o)
 .rodata._Csys_alloc.str1.1
                0x00006955       0x18 c:/nxp/mcuxpressoide_10.3.0_2200_pex/ide/plugins/com.nxp.mcuxpresso.tools.win32_10.3.0.201811011841/tools/bin/../lib/gcc/arm-none-eabi/7.3.1/../../../../arm-none-eabi/lib/thumb/v7e-m/fpv5/hard\libcr_c.a(alloc.o)
 .rodata._initio.str1.1
                0x0000696d        0x4 c:/nxp/mcuxpressoide_10.3.0_2200_pex/ide/plugins/com.nxp.mcuxpresso.tools.win32_10.3.0.201811011841/tools/bin/../lib/gcc/arm-none-eabi/7.3.1/../../../../arm-none-eabi/lib/thumb/v7e-m/fpv5/hard\libcr_c.a(initio.o)
                0x00006974                . = ALIGN (0x4)
 *fill*         0x00006971        0x3 ff

.glue_7         0x00006974        0x0
 .glue_7        0x00006974        0x0 linker stubs

.glue_7t        0x00006974        0x0
 .glue_7t       0x00006974        0x0 linker stubs

.vfp11_veneer   0x00006974        0x0
 .vfp11_veneer  0x00006974        0x0 linker stubs

.v4_bx          0x00006974        0x0
 .v4_bx         0x00006974        0x0 linker stubs

.iplt           0x00006974        0x0
 .iplt          0x00006974        0x0 ./utilities/fsl_debug_console.o

.rel.dyn        0x00006974        0x0
 .rel.iplt      0x00006974        0x0 ./utilities/fsl_debug_console.o

.ARM.extab
 *(SORT_BY_ALIGNMENT(.ARM.extab*) SORT_BY_ALIGNMENT(.gnu.linkonce.armextab.*))
                0x00006974                __exidx_start = .

.ARM.exidx
 *(SORT_BY_ALIGNMENT(.ARM.exidx*) SORT_BY_ALIGNMENT(.gnu.linkonce.armexidx.*))
                0x00006974                __exidx_end = .
                0x00006974                _etext = .

.data_RAM2      0x20000000        0x0 load address 0x00006974
 FILL mask 0xff
                [!provide]                PROVIDE (__start_data_RAM2 = .)
 *(SORT_BY_ALIGNMENT(.ramfunc.$RAM2))
 *(SORT_BY_ALIGNMENT(.ramfunc.$SRAM_DTC))
 *(SORT_BY_ALIGNMENT(NonCacheable.init))
 *(SORT_BY_ALIGNMENT(.isr_vectorRitschi))
 *(SORT_BY_ALIGNMENT(.data.$RAM2*))
 *(SORT_BY_ALIGNMENT(.data.$SRAM_DTC*))
                0x20000000                . = ALIGN (0x4)
                [!provide]                PROVIDE (__end_data_RAM2 = .)

.data_RAM3      0x20200000        0x0 load address 0x00006974
 FILL mask 0xff
                [!provide]                PROVIDE (__start_data_RAM3 = .)
 *(SORT_BY_ALIGNMENT(.ramfunc.$RAM3))
 *(SORT_BY_ALIGNMENT(.ramfunc.$SRAM_OC))
 *(SORT_BY_ALIGNMENT(.data.$RAM3*))
 *(SORT_BY_ALIGNMENT(.data.$SRAM_OC*))
                0x20200000                . = ALIGN (0x4)
                [!provide]                PROVIDE (__end_data_RAM3 = .)

.data_RAM4      0x80000000        0x0 load address 0x00006974
 FILL mask 0xff
                [!provide]                PROVIDE (__start_data_RAM4 = .)
 *(SORT_BY_ALIGNMENT(.ramfunc.$RAM4))
 *(SORT_BY_ALIGNMENT(.ramfunc.$BOARD_SDRAM))
 *(SORT_BY_ALIGNMENT(.data.$RAM4*))
 *(SORT_BY_ALIGNMENT(.data.$BOARD_SDRAM*))
                0x80000000                . = ALIGN (0x4)
                [!provide]                PROVIDE (__end_data_RAM4 = .)

.data_RAM5      0x00000000        0x0 load address 0x00006974
 FILL mask 0xff
                [!provide]                PROVIDE (__start_data_RAM5 = .)
 *(SORT_BY_ALIGNMENT(.ramfunc.$RAM5))
 *(SORT_BY_ALIGNMENT(.ramfunc.$SRAM_ITC_reserved))
 *(SORT_BY_ALIGNMENT(.data.$RAM5*))
 *(SORT_BY_ALIGNMENT(.data.$SRAM_ITC_reserved*))
                0x00000000                . = ALIGN (0x4)
                [!provide]                PROVIDE (__end_data_RAM5 = .)

.uninit_RESERVED
                0x00006974        0x0
 *(SORT_BY_ALIGNMENT(.bss.$RESERVED*))
                0x00006974                . = ALIGN (0x4)
                0x00006974                _end_uninit_RESERVED = .

.data           0x00006974        0x4
 FILL mask 0xff
                0x00006974                _data = .
 *(SORT_BY_ALIGNMENT(vtable))
 *(SORT_BY_ALIGNMENT(.ramfunc*))
 *(SORT_BY_ALIGNMENT(.data*))
 .data.SystemCoreClock
                0x00006974        0x4 ./device/system_MIMXRT1052.o
                0x00006974                SystemCoreClock
                0x00006978                . = ALIGN (0x4)
                0x00006978                _edata = .

.igot.plt       0x00006978        0x0
 .igot.plt      0x00006978        0x0 ./utilities/fsl_debug_console.o

.bss_RAM2       0x20000000      0x118
                [!provide]                PROVIDE (__start_bss_RAM2 = .)
 *(SORT_BY_ALIGNMENT(NonCacheable))
 *(SORT_BY_ALIGNMENT(.bss.*))
 .bss.s_debugConsoleState
                0x20000000       0x1c ./utilities/fsl_debug_console.o
 .bss.g_serialHandle
                0x2000001c        0x4 ./utilities/fsl_debug_console.o
                0x2000001c                g_serialHandle
 .bss.g_systickCounter
                0x20000020        0x4 ./source/led_blinky.o
                0x20000020                g_systickCounter
 .bss.g_xtalFreq
                0x20000024        0x4 ./drivers/fsl_clock.o
                0x20000024                g_xtalFreq
 .bss.g_rtcXtalFreq
                0x20000028        0x4 ./drivers/fsl_clock.o
                0x20000028                g_rtcXtalFreq
 .bss.s_lpuartHandle
                0x2000002c       0x24 ./drivers/fsl_lpuart.o
 .bss.s_lpuartIsr
                0x20000050        0x4 ./drivers/fsl_lpuart.o
 .bss.__Ciob    0x20000054       0xb4 c:/nxp/mcuxpressoide_10.3.0_2200_pex/ide/plugins/com.nxp.mcuxpresso.tools.win32_10.3.0.201811011841/tools/bin/../lib/gcc/arm-none-eabi/7.3.1/../../../../arm-none-eabi/lib/thumb/v7e-m/fpv5/hard\libcr_nohost_nf.a(__ciob.o)
                0x20000054                __Ciob
 .bss.__end_of_heap
                0x20000108        0x4 c:/nxp/mcuxpressoide_10.3.0_2200_pex/ide/plugins/com.nxp.mcuxpresso.tools.win32_10.3.0.201811011841/tools/bin/../lib/gcc/arm-none-eabi/7.3.1/../../../../arm-none-eabi/lib/thumb/v7e-m/fpv5/hard\libcr_c.a(__init_alloc.o)
                0x20000108                __end_of_heap
 .bss.__heaps   0x2000010c        0x4 c:/nxp/mcuxpressoide_10.3.0_2200_pex/ide/plugins/com.nxp.mcuxpresso.tools.win32_10.3.0.201811011841/tools/bin/../lib/gcc/arm-none-eabi/7.3.1/../../../../arm-none-eabi/lib/thumb/v7e-m/fpv5/hard\libcr_c.a(__init_alloc.o)
                0x2000010c                __heaps
 .bss.errno     0x20000110        0x4 c:/nxp/mcuxpressoide_10.3.0_2200_pex/ide/plugins/com.nxp.mcuxpresso.tools.win32_10.3.0.201811011841/tools/bin/../lib/gcc/arm-none-eabi/7.3.1/../../../../arm-none-eabi/lib/thumb/v7e-m/fpv5/hard\libcr_c.a(errno.o)
                0x20000110                errno
 .bss.g_pinSet  0x20000114        0x1 ./source/led_blinky.o
                0x20000114                g_pinSet
 *(SORT_BY_ALIGNMENT(.bss.$RAM2*))
 *(SORT_BY_ALIGNMENT(.bss.$SRAM_DTC*))
                0x20000118                . = ALIGN ((. != 0x0)?0x4:0x1)
 *fill*         0x20000115        0x3 
                [!provide]                PROVIDE (__end_bss_RAM2 = .)

.bss_RAM3       0x20200000        0x0
                [!provide]                PROVIDE (__start_bss_RAM3 = .)
 *(SORT_BY_ALIGNMENT(.bss.$RAM3*))
 *(SORT_BY_ALIGNMENT(.bss.$SRAM_OC*))
                0x20200000                . = ALIGN ((. != 0x0)?0x4:0x1)
                [!provide]                PROVIDE (__end_bss_RAM3 = .)

.bss_RAM4       0x80000000        0x0
                [!provide]                PROVIDE (__start_bss_RAM4 = .)
 *(SORT_BY_ALIGNMENT(.bss.$RAM4*))
 *(SORT_BY_ALIGNMENT(.bss.$BOARD_SDRAM*))
                0x80000000                . = ALIGN ((. != 0x0)?0x4:0x1)
                [!provide]                PROVIDE (__end_bss_RAM4 = .)

.bss_RAM5       0x00000000        0x0
                [!provide]                PROVIDE (__start_bss_RAM5 = .)
 *(SORT_BY_ALIGNMENT(.bss.$RAM5*))
 *(SORT_BY_ALIGNMENT(.bss.$SRAM_ITC_reserved*))
                0x00000000                . = ALIGN ((. != 0x0)?0x4:0x1)
                [!provide]                PROVIDE (__end_bss_RAM5 = .)

.bss            0x00006978        0x0
                0x00006978                _bss = .
 *(SORT_BY_ALIGNMENT(.bss*))
 *(SORT_BY_ALIGNMENT(COMMON))
                0x00006978                . = ALIGN (0x4)
                0x00006978                _ebss = .
                [!provide]                PROVIDE (end = .)

.noinit_RAM2    0x20000118        0x0
 *(SORT_BY_ALIGNMENT(.noinit.$RAM2*))
 *(SORT_BY_ALIGNMENT(.noinit.$SRAM_DTC*))
                0x20000118                . = ALIGN (0x4)

.noinit_RAM3    0x20200000        0x0
 *(SORT_BY_ALIGNMENT(.noinit.$RAM3*))
 *(SORT_BY_ALIGNMENT(.noinit.$SRAM_OC*))
                0x20200000                . = ALIGN (0x4)

.noinit_RAM4    0x80000000        0x0
 *(SORT_BY_ALIGNMENT(.noinit.$RAM4*))
 *(SORT_BY_ALIGNMENT(.noinit.$BOARD_SDRAM*))
                0x80000000                . = ALIGN (0x4)

.noinit_RAM5    0x00000000        0x0
 *(SORT_BY_ALIGNMENT(.noinit.$RAM5*))
 *(SORT_BY_ALIGNMENT(.noinit.$SRAM_ITC_reserved*))
                0x00000000                . = ALIGN (0x4)

.noinit         0x00006978        0x0
                0x00006978                _noinit = .
 *(SORT_BY_ALIGNMENT(.noinit*))
                0x00006978                . = ALIGN (0x4)
                0x00006978                _end_noinit = .
                0x00001000                _HeapSize = 0x1000

.heap           0x20000118     0x1000
                0x20000118                _pvHeapStart = .
                0x20001118                . = (. + _HeapSize)
 *fill*         0x20000118     0x1000 
                0x20001118                . = ALIGN (0x4)
                0x20001118                _pvHeapLimit = .
                0x00001000                _StackSize = 0x1000

.heap2stackfill
                0x20001118     0x1000
                0x20002118                . = (. + _StackSize)
 *fill*         0x20001118     0x1000 

.stack          0x2001f000        0x0
                0x2001f000                _vStackBase = .
                0x2001f000                . = ALIGN (0x4)
                0x20020000                _vStackTop = (. + _StackSize)
                0x00002000                _image_start = LOADADDR (.text)
                0x00006978                _image_end = (LOADADDR (.data) + SIZEOF (.data))
                0x00004978                _image_size = (_image_end - _image_start)
OUTPUT(MIMXRT1052_blinky_in_RAM.axf elf32-littlearm)

.debug_info     0x00000000     0xd54b
 .debug_info    0x00000000      0xeac ./utilities/fsl_debug_console.o
 .debug_info    0x00000eac      0xcbd ./startup/startup_mimxrt1052.o
 .debug_info    0x00001b69     0x14bf ./source/led_blinky.o
 .debug_info    0x00003028       0x3b ./source/semihost_hardfault.o
 .debug_info    0x00003063     0x1c58 ./drivers/fsl_clock.o
 .debug_info    0x00004cbb      0xfa4 ./drivers/fsl_gpio.o
 .debug_info    0x00005c5f     0x22ea ./drivers/fsl_lpuart.o
 .debug_info    0x00007f49      0xc5c ./device/system_MIMXRT1052.o
 .debug_info    0x00008ba5      0xed5 ./component/uart/lpuart_adapter.o
 .debug_info    0x00009a7a      0x705 ./component/serial_manager/serial_manager.o
 .debug_info    0x0000a17f      0x4c4 ./component/serial_manager/serial_port_uart.o
 .debug_info    0x0000a643     0x104e ./board/board.o
 .debug_info    0x0000b691     0x16ed ./board/clock_config.o
 .debug_info    0x0000cd7e      0x7cd ./board/pin_mux.o

.debug_abbrev   0x00000000     0x19de
 .debug_abbrev  0x00000000      0x21f ./utilities/fsl_debug_console.o
 .debug_abbrev  0x0000021f      0x12f ./startup/startup_mimxrt1052.o
 .debug_abbrev  0x0000034e      0x20b ./source/led_blinky.o
 .debug_abbrev  0x00000559       0x2f ./source/semihost_hardfault.o
 .debug_abbrev  0x00000588      0x34c ./drivers/fsl_clock.o
 .debug_abbrev  0x000008d4      0x241 ./drivers/fsl_gpio.o
 .debug_abbrev  0x00000b15      0x308 ./drivers/fsl_lpuart.o
 .debug_abbrev  0x00000e1d      0x178 ./device/system_MIMXRT1052.o
 .debug_abbrev  0x00000f95      0x1bb ./component/uart/lpuart_adapter.o
 .debug_abbrev  0x00001150      0x163 ./component/serial_manager/serial_manager.o
 .debug_abbrev  0x000012b3      0x148 ./component/serial_manager/serial_port_uart.o
 .debug_abbrev  0x000013fb      0x289 ./board/board.o
 .debug_abbrev  0x00001684      0x1ee ./board/clock_config.o
 .debug_abbrev  0x00001872      0x16c ./board/pin_mux.o

.debug_aranges  0x00000000      0xba8
 .debug_aranges
                0x00000000       0x78 ./utilities/fsl_debug_console.o
 .debug_aranges
                0x00000078      0x520 ./startup/startup_mimxrt1052.o
 .debug_aranges
                0x00000598       0x40 ./source/led_blinky.o
 .debug_aranges
                0x000005d8       0x20 ./source/semihost_hardfault.o
 .debug_aranges
                0x000005f8      0x170 ./drivers/fsl_clock.o
 .debug_aranges
                0x00000768       0x50 ./drivers/fsl_gpio.o
 .debug_aranges
                0x000007b8      0x160 ./drivers/fsl_lpuart.o
 .debug_aranges
                0x00000918       0x40 ./device/system_MIMXRT1052.o
 .debug_aranges
                0x00000958       0x40 ./component/uart/lpuart_adapter.o
 .debug_aranges
                0x00000998       0x88 ./component/serial_manager/serial_manager.o
 .debug_aranges
                0x00000a20       0x38 ./component/serial_manager/serial_port_uart.o
 .debug_aranges
                0x00000a58       0x90 ./board/board.o
 .debug_aranges
                0x00000ae8       0x78 ./board/clock_config.o
 .debug_aranges
                0x00000b60       0x48 ./board/pin_mux.o

.debug_ranges   0x00000000      0xac8
 .debug_ranges  0x00000000       0x68 ./utilities/fsl_debug_console.o
 .debug_ranges  0x00000068      0x510 ./startup/startup_mimxrt1052.o
 .debug_ranges  0x00000578       0x30 ./source/led_blinky.o
 .debug_ranges  0x000005a8       0x10 ./source/semihost_hardfault.o
 .debug_ranges  0x000005b8      0x160 ./drivers/fsl_clock.o
 .debug_ranges  0x00000718       0x40 ./drivers/fsl_gpio.o
 .debug_ranges  0x00000758      0x150 ./drivers/fsl_lpuart.o
 .debug_ranges  0x000008a8       0x30 ./device/system_MIMXRT1052.o
 .debug_ranges  0x000008d8       0x30 ./component/uart/lpuart_adapter.o
 .debug_ranges  0x00000908       0x78 ./component/serial_manager/serial_manager.o
 .debug_ranges  0x00000980       0x28 ./component/serial_manager/serial_port_uart.o
 .debug_ranges  0x000009a8       0x80 ./board/board.o
 .debug_ranges  0x00000a28       0x68 ./board/clock_config.o
 .debug_ranges  0x00000a90       0x38 ./board/pin_mux.o

.debug_macro    0x00000000     0x264f
 .debug_macro   0x00000000      0x17a ./utilities/fsl_debug_console.o
 .debug_macro   0x0000017a       0x16 ./utilities/fsl_debug_console.o
 .debug_macro   0x00000190       0x10 ./utilities/fsl_debug_console.o
 .debug_macro   0x000001a0       0x28 ./utilities/fsl_debug_console.o
 .debug_macro   0x000001c8       0x41 ./utilities/fsl_debug_console.o
 .debug_macro   0x00000209       0x34 ./utilities/fsl_debug_console.o
 .debug_macro   0x0000023d       0x29 ./startup/startup_mimxrt1052.o
 .debug_macro   0x00000266      0x14b ./source/led_blinky.o
 .debug_macro   0x000003b1       0x11 ./source/semihost_hardfault.o
 .debug_macro   0x000003c2      0x108 ./drivers/fsl_clock.o
 .debug_macro   0x000004ca      0x118 ./drivers/fsl_gpio.o
 .debug_macro   0x000005e2      0x118 ./drivers/fsl_lpuart.o
 .debug_macro   0x000006fa       0xa7 ./device/system_MIMXRT1052.o
 .debug_macro   0x000007a1      0x114 ./component/uart/lpuart_adapter.o
 .debug_macro   0x000008b5       0x10 ./component/uart/lpuart_adapter.o
 .debug_macro   0x000008c5       0x1c ./component/uart/lpuart_adapter.o
 .debug_macro   0x000008e1      0x131 ./component/serial_manager/serial_manager.o
 .debug_macro   0x00000a12      0x122 ./component/serial_manager/serial_port_uart.o
 .debug_macro   0x00000b34       0x1c ./component/serial_manager/serial_port_uart.o
 .debug_macro   0x00000b50      0x156 ./board/board.o
 .debug_macro   0x00000ca6       0x1c ./board/board.o
 .debug_macro   0x00000cc2     0x175e ./board/board.o
 .debug_macro   0x00002420      0x11a ./board/clock_config.o
 .debug_macro   0x0000253a      0x115 ./board/pin_mux.o

.debug_line     0x00000000     0x456b
 .debug_line    0x00000000      0x4cc ./utilities/fsl_debug_console.o
 .debug_line    0x000004cc      0xb77 ./startup/startup_mimxrt1052.o
 .debug_line    0x00001043      0x34d ./source/led_blinky.o
 .debug_line    0x00001390       0x54 ./source/semihost_hardfault.o
 .debug_line    0x000013e4      0x7eb ./drivers/fsl_clock.o
 .debug_line    0x00001bcf      0x35a ./drivers/fsl_gpio.o
 .debug_line    0x00001f29      0x9a0 ./drivers/fsl_lpuart.o
 .debug_line    0x000028c9      0x382 ./device/system_MIMXRT1052.o
 .debug_line    0x00002c4b      0x387 ./component/uart/lpuart_adapter.o
 .debug_line    0x00002fd2      0x4ca ./component/serial_manager/serial_manager.o
 .debug_line    0x0000349c      0x390 ./component/serial_manager/serial_port_uart.o
 .debug_line    0x0000382c      0x5a2 ./board/board.o
 .debug_line    0x00003dce      0x473 ./board/clock_config.o
 .debug_line    0x00004241      0x32a ./board/pin_mux.o

.debug_str      0x00000000   0x14f0bd
 .debug_str     0x00000000   0x1390a4 ./utilities/fsl_debug_console.o
                             0x1391cf (size before relaxing)
 .debug_str     0x001390a4      0xd7d ./startup/startup_mimxrt1052.o
                               0x3c46 (size before relaxing)
 .debug_str     0x00139e21     0x2162 ./source/led_blinky.o
                             0x13a6a0 (size before relaxing)
 .debug_str     0x0013bf83       0x1f ./source/semihost_hardfault.o
                               0x2e81 (size before relaxing)
 .debug_str     0x0013bfa2      0xc00 ./drivers/fsl_clock.o
                             0x139228 (size before relaxing)
 .debug_str     0x0013cba2      0x77d ./drivers/fsl_gpio.o
                             0x138ddc (size before relaxing)
 .debug_str     0x0013d31f     0x1055 ./drivers/fsl_lpuart.o
                             0x13a64e (size before relaxing)
 .debug_str     0x0013e374       0xd3 ./device/system_MIMXRT1052.o
                             0x13681d (size before relaxing)
 .debug_str     0x0013e447      0x31c ./component/uart/lpuart_adapter.o
                             0x138d1a (size before relaxing)
 .debug_str     0x0013e763      0x36c ./component/serial_manager/serial_manager.o
                             0x138171 (size before relaxing)
 .debug_str     0x0013eacf       0xfc ./component/serial_manager/serial_port_uart.o
                             0x13821e (size before relaxing)
 .debug_str     0x0013ebcb    0x100c8 ./board/board.o
                             0x149702 (size before relaxing)
 .debug_str     0x0014ec93      0x3d7 ./board/clock_config.o
                             0x14921e (size before relaxing)
 .debug_str     0x0014f06a       0x53 ./board/pin_mux.o
                             0x147d84 (size before relaxing)

.comment        0x00000000       0x7f
 .comment       0x00000000       0x7f ./utilities/fsl_debug_console.o
                                 0x80 (size before relaxing)
 .comment       0x0000007f       0x80 ./startup/startup_mimxrt1052.o
 .comment       0x0000007f       0x80 ./source/led_blinky.o
 .comment       0x0000007f       0x80 ./source/semihost_hardfault.o
 .comment       0x0000007f       0x80 ./drivers/fsl_clock.o
 .comment       0x0000007f       0x80 ./drivers/fsl_gpio.o
 .comment       0x0000007f       0x80 ./drivers/fsl_lpuart.o
 .comment       0x0000007f       0x80 ./device/system_MIMXRT1052.o
 .comment       0x0000007f       0x80 ./component/uart/lpuart_adapter.o
 .comment       0x0000007f       0x80 ./component/serial_manager/serial_manager.o
 .comment       0x0000007f       0x80 ./component/serial_manager/serial_port_uart.o
 .comment       0x0000007f       0x80 ./board/board.o
 .comment       0x0000007f       0x80 ./board/clock_config.o
 .comment       0x0000007f       0x80 ./board/pin_mux.o
 .comment       0x0000007f       0x80 c:/nxp/mcuxpressoide_10.3.0_2200_pex/ide/plugins/com.nxp.mcuxpresso.tools.win32_10.3.0.201811011841/tools/bin/../lib/gcc/arm-none-eabi/7.3.1/../../../../arm-none-eabi/lib/thumb/v7e-m/fpv5/hard\libcr_nohost_nf.a(_cr__main.o)
 .comment       0x0000007f       0x80 c:/nxp/mcuxpressoide_10.3.0_2200_pex/ide/plugins/com.nxp.mcuxpresso.tools.win32_10.3.0.201811011841/tools/bin/../lib/gcc/arm-none-eabi/7.3.1/../../../../arm-none-eabi/lib/thumb/v7e-m/fpv5/hard\libcr_nohost_nf.a(_cr_assert.o)
 .comment       0x0000007f       0x80 c:/nxp/mcuxpressoide_10.3.0_2200_pex/ide/plugins/com.nxp.mcuxpresso.tools.win32_10.3.0.201811011841/tools/bin/../lib/gcc/arm-none-eabi/7.3.1/../../../../arm-none-eabi/lib/thumb/v7e-m/fpv5/hard\libcr_nohost_nf.a(__ciob.o)
 .comment       0x0000007f       0x80 c:/nxp/mcuxpressoide_10.3.0_2200_pex/ide/plugins/com.nxp.mcuxpresso.tools.win32_10.3.0.201811011841/tools/bin/../lib/gcc/arm-none-eabi/7.3.1/../../../../arm-none-eabi/lib/thumb/v7e-m/fpv5/hard\libcr_nohost_nf.a(__sys_appexit.o)
 .comment       0x0000007f       0x80 c:/nxp/mcuxpressoide_10.3.0_2200_pex/ide/plugins/com.nxp.mcuxpresso.tools.win32_10.3.0.201811011841/tools/bin/../lib/gcc/arm-none-eabi/7.3.1/../../../../arm-none-eabi/lib/thumb/v7e-m/fpv5/hard\libcr_c.a(memset.o)
 .comment       0x0000007f       0x80 c:/nxp/mcuxpressoide_10.3.0_2200_pex/ide/plugins/com.nxp.mcuxpresso.tools.win32_10.3.0.201811011841/tools/bin/../lib/gcc/arm-none-eabi/7.3.1/../../../../arm-none-eabi/lib/thumb/v7e-m/fpv5/hard\libcr_c.a(_deferredlazyseek.o)
 .comment       0x0000007f       0x80 c:/nxp/mcuxpressoide_10.3.0_2200_pex/ide/plugins/com.nxp.mcuxpresso.tools.win32_10.3.0.201811011841/tools/bin/../lib/gcc/arm-none-eabi/7.3.1/../../../../arm-none-eabi/lib/thumb/v7e-m/fpv5/hard\libcr_c.a(_fflush.o)
 .comment       0x0000007f       0x80 c:/nxp/mcuxpressoide_10.3.0_2200_pex/ide/plugins/com.nxp.mcuxpresso.tools.win32_10.3.0.201811011841/tools/bin/../lib/gcc/arm-none-eabi/7.3.1/../../../../arm-none-eabi/lib/thumb/v7e-m/fpv5/hard\libcr_c.a(_writebuf.o)
 .comment       0x0000007f       0x80 c:/nxp/mcuxpressoide_10.3.0_2200_pex/ide/plugins/com.nxp.mcuxpresso.tools.win32_10.3.0.201811011841/tools/bin/../lib/gcc/arm-none-eabi/7.3.1/../../../../arm-none-eabi/lib/thumb/v7e-m/fpv5/hard\libcr_c.a(alloc.o)
 .comment       0x0000007f       0x80 c:/nxp/mcuxpressoide_10.3.0_2200_pex/ide/plugins/com.nxp.mcuxpresso.tools.win32_10.3.0.201811011841/tools/bin/../lib/gcc/arm-none-eabi/7.3.1/../../../../arm-none-eabi/lib/thumb/v7e-m/fpv5/hard\libcr_c.a(fputs.o)
 .comment       0x0000007f       0x80 c:/nxp/mcuxpressoide_10.3.0_2200_pex/ide/plugins/com.nxp.mcuxpresso.tools.win32_10.3.0.201811011841/tools/bin/../lib/gcc/arm-none-eabi/7.3.1/../../../../arm-none-eabi/lib/thumb/v7e-m/fpv5/hard\libcr_c.a(fseek.o)
 .comment       0x0000007f       0x80 c:/nxp/mcuxpressoide_10.3.0_2200_pex/ide/plugins/com.nxp.mcuxpresso.tools.win32_10.3.0.201811011841/tools/bin/../lib/gcc/arm-none-eabi/7.3.1/../../../../arm-none-eabi/lib/thumb/v7e-m/fpv5/hard\libcr_c.a(ftell.o)
 .comment       0x0000007f       0x80 c:/nxp/mcuxpressoide_10.3.0_2200_pex/ide/plugins/com.nxp.mcuxpresso.tools.win32_10.3.0.201811011841/tools/bin/../lib/gcc/arm-none-eabi/7.3.1/../../../../arm-none-eabi/lib/thumb/v7e-m/fpv5/hard\libcr_c.a(initio.o)
 .comment       0x0000007f       0x80 c:/nxp/mcuxpressoide_10.3.0_2200_pex/ide/plugins/com.nxp.mcuxpresso.tools.win32_10.3.0.201811011841/tools/bin/../lib/gcc/arm-none-eabi/7.3.1/../../../../arm-none-eabi/lib/thumb/v7e-m/fpv5/hard\libcr_c.a(setvbuf.o)
 .comment       0x0000007f       0x80 c:/nxp/mcuxpressoide_10.3.0_2200_pex/ide/plugins/com.nxp.mcuxpresso.tools.win32_10.3.0.201811011841/tools/bin/../lib/gcc/arm-none-eabi/7.3.1/../../../../arm-none-eabi/lib/thumb/v7e-m/fpv5/hard\libcr_c.a(strlen.o)
 .comment       0x0000007f       0x80 c:/nxp/mcuxpressoide_10.3.0_2200_pex/ide/plugins/com.nxp.mcuxpresso.tools.win32_10.3.0.201811011841/tools/bin/../lib/gcc/arm-none-eabi/7.3.1/../../../../arm-none-eabi/lib/thumb/v7e-m/fpv5/hard\libcr_c.a(__init_alloc.o)
 .comment       0x0000007f       0x80 c:/nxp/mcuxpressoide_10.3.0_2200_pex/ide/plugins/com.nxp.mcuxpresso.tools.win32_10.3.0.201811011841/tools/bin/../lib/gcc/arm-none-eabi/7.3.1/../../../../arm-none-eabi/lib/thumb/v7e-m/fpv5/hard\libcr_c.a(_cr_sbrk.o)
 .comment       0x0000007f       0x80 c:/nxp/mcuxpressoide_10.3.0_2200_pex/ide/plugins/com.nxp.mcuxpresso.tools.win32_10.3.0.201811011841/tools/bin/../lib/gcc/arm-none-eabi/7.3.1/../../../../arm-none-eabi/lib/thumb/v7e-m/fpv5/hard\libcr_c.a(_fdopen.o)
 .comment       0x0000007f       0x80 c:/nxp/mcuxpressoide_10.3.0_2200_pex/ide/plugins/com.nxp.mcuxpresso.tools.win32_10.3.0.201811011841/tools/bin/../lib/gcc/arm-none-eabi/7.3.1/../../../../arm-none-eabi/lib/thumb/v7e-m/fpv5/hard\libcr_c.a(errno.o)
 .comment       0x0000007f       0x80 c:/nxp/mcuxpressoide_10.3.0_2200_pex/ide/plugins/com.nxp.mcuxpresso.tools.win32_10.3.0.201811011841/tools/bin/../lib/gcc/arm-none-eabi/7.3.1/../../../../arm-none-eabi/lib/thumb/v7e-m/fpv5/hard\libcr_c.a(fclose.o)
 .comment       0x0000007f       0x80 c:/nxp/mcuxpressoide_10.3.0_2200_pex/ide/plugins/com.nxp.mcuxpresso.tools.win32_10.3.0.201811011841/tools/bin/../lib/gcc/arm-none-eabi/7.3.1/../../../../arm-none-eabi/lib/thumb/v7e-m/fpv5/hard\libcr_c.a(fflush.o)
 .comment       0x0000007f       0x80 c:/nxp/mcuxpressoide_10.3.0_2200_pex/ide/plugins/com.nxp.mcuxpresso.tools.win32_10.3.0.201811011841/tools/bin/../lib/gcc/arm-none-eabi/7.3.1/../../../../arm-none-eabi/lib/thumb/v7e-m/fpv5/hard\libcr_c.a(remove.o)
 .comment       0x0000007f       0x80 c:/nxp/mcuxpressoide_10.3.0_2200_pex/ide/plugins/com.nxp.mcuxpresso.tools.win32_10.3.0.201811011841/tools/bin/../lib/gcc/arm-none-eabi/7.3.1/../../../../arm-none-eabi/lib/thumb/v7e-m/fpv5/hard\libcr_c.a(_cr_check_heap.o)
 .comment       0x0000007f       0x80 c:/nxp/mcuxpressoide_10.3.0_2200_pex/ide/plugins/com.nxp.mcuxpresso.tools.win32_10.3.0.201811011841/tools/bin/../lib/gcc/arm-none-eabi/7.3.1/../../../../arm-none-eabi/lib/thumb/v7e-m/fpv5/hard\libcr_c.a(_do_fflush.o)
 .comment       0x0000007f       0x80 c:/nxp/mcuxpressoide_10.3.0_2200_pex/ide/plugins/com.nxp.mcuxpresso.tools.win32_10.3.0.201811011841/tools/bin/../lib/gcc/arm-none-eabi/7.3.1/../../../../arm-none-eabi/lib/thumb/v7e-m/fpv5/hard\libcr_nohost_nf.a(__sys_close.o)
 .comment       0x0000007f       0x80 c:/nxp/mcuxpressoide_10.3.0_2200_pex/ide/plugins/com.nxp.mcuxpresso.tools.win32_10.3.0.201811011841/tools/bin/../lib/gcc/arm-none-eabi/7.3.1/../../../../arm-none-eabi/lib/thumb/v7e-m/fpv5/hard\libcr_nohost_nf.a(__sys_flen.o)
 .comment       0x0000007f       0x80 c:/nxp/mcuxpressoide_10.3.0_2200_pex/ide/plugins/com.nxp.mcuxpresso.tools.win32_10.3.0.201811011841/tools/bin/../lib/gcc/arm-none-eabi/7.3.1/../../../../arm-none-eabi/lib/thumb/v7e-m/fpv5/hard\libcr_nohost_nf.a(__sys_istty.o)
 .comment       0x0000007f       0x80 c:/nxp/mcuxpressoide_10.3.0_2200_pex/ide/plugins/com.nxp.mcuxpresso.tools.win32_10.3.0.201811011841/tools/bin/../lib/gcc/arm-none-eabi/7.3.1/../../../../arm-none-eabi/lib/thumb/v7e-m/fpv5/hard\libcr_nohost_nf.a(__sys_remove.o)
 .comment       0x0000007f       0x80 c:/nxp/mcuxpressoide_10.3.0_2200_pex/ide/plugins/com.nxp.mcuxpresso.tools.win32_10.3.0.201811011841/tools/bin/../lib/gcc/arm-none-eabi/7.3.1/../../../../arm-none-eabi/lib/thumb/v7e-m/fpv5/hard\libcr_nohost_nf.a(__sys_seek.o)
 .comment       0x0000007f       0x80 c:/nxp/mcuxpressoide_10.3.0_2200_pex/ide/plugins/com.nxp.mcuxpresso.tools.win32_10.3.0.201811011841/tools/bin/../lib/gcc/arm-none-eabi/7.3.1/../../../../arm-none-eabi/lib/thumb/v7e-m/fpv5/hard\libcr_nohost_nf.a(__sys_tmpnam.o)
 .comment       0x0000007f       0x80 c:/nxp/mcuxpressoide_10.3.0_2200_pex/ide/plugins/com.nxp.mcuxpresso.tools.win32_10.3.0.201811011841/tools/bin/../lib/gcc/arm-none-eabi/7.3.1/../../../../arm-none-eabi/lib/thumb/v7e-m/fpv5/hard\libcr_nohost_nf.a(__sys_write.o)

.ARM.attributes
                0x00000000       0x35
 .ARM.attributes
                0x00000000       0x37 ./utilities/fsl_debug_console.o
 .ARM.attributes
                0x00000037       0x37 ./startup/startup_mimxrt1052.o
 .ARM.attributes
                0x0000006e       0x37 ./source/led_blinky.o
 .ARM.attributes
                0x000000a5       0x37 ./source/semihost_hardfault.o
 .ARM.attributes
                0x000000dc       0x37 ./drivers/fsl_clock.o
 .ARM.attributes
                0x00000113       0x37 ./drivers/fsl_gpio.o
 .ARM.attributes
                0x0000014a       0x37 ./drivers/fsl_lpuart.o
 .ARM.attributes
                0x00000181       0x37 ./device/system_MIMXRT1052.o
 .ARM.attributes
                0x000001b8       0x37 ./component/uart/lpuart_adapter.o
 .ARM.attributes
                0x000001ef       0x37 ./component/serial_manager/serial_manager.o
 .ARM.attributes
                0x00000226       0x37 ./component/serial_manager/serial_port_uart.o
 .ARM.attributes
                0x0000025d       0x37 ./board/board.o
 .ARM.attributes
                0x00000294       0x37 ./board/clock_config.o
 .ARM.attributes
                0x000002cb       0x37 ./board/pin_mux.o
 .ARM.attributes
                0x00000302       0x37 c:/nxp/mcuxpressoide_10.3.0_2200_pex/ide/plugins/com.nxp.mcuxpresso.tools.win32_10.3.0.201811011841/tools/bin/../lib/gcc/arm-none-eabi/7.3.1/../../../../arm-none-eabi/lib/thumb/v7e-m/fpv5/hard\libcr_nohost_nf.a(_cr__main.o)
 .ARM.attributes
                0x00000339       0x37 c:/nxp/mcuxpressoide_10.3.0_2200_pex/ide/plugins/com.nxp.mcuxpresso.tools.win32_10.3.0.201811011841/tools/bin/../lib/gcc/arm-none-eabi/7.3.1/../../../../arm-none-eabi/lib/thumb/v7e-m/fpv5/hard\libcr_nohost_nf.a(_cr_assert.o)
 .ARM.attributes
                0x00000370       0x37 c:/nxp/mcuxpressoide_10.3.0_2200_pex/ide/plugins/com.nxp.mcuxpresso.tools.win32_10.3.0.201811011841/tools/bin/../lib/gcc/arm-none-eabi/7.3.1/../../../../arm-none-eabi/lib/thumb/v7e-m/fpv5/hard\libcr_nohost_nf.a(__ciob.o)
 .ARM.attributes
                0x000003a7       0x37 c:/nxp/mcuxpressoide_10.3.0_2200_pex/ide/plugins/com.nxp.mcuxpresso.tools.win32_10.3.0.201811011841/tools/bin/../lib/gcc/arm-none-eabi/7.3.1/../../../../arm-none-eabi/lib/thumb/v7e-m/fpv5/hard\libcr_nohost_nf.a(__sys_appexit.o)
 .ARM.attributes
                0x000003de       0x37 c:/nxp/mcuxpressoide_10.3.0_2200_pex/ide/plugins/com.nxp.mcuxpresso.tools.win32_10.3.0.201811011841/tools/bin/../lib/gcc/arm-none-eabi/7.3.1/../../../../arm-none-eabi/lib/thumb/v7e-m/fpv5/hard\libcr_c.a(memset.o)
 .ARM.attributes
                0x00000415       0x37 c:/nxp/mcuxpressoide_10.3.0_2200_pex/ide/plugins/com.nxp.mcuxpresso.tools.win32_10.3.0.201811011841/tools/bin/../lib/gcc/arm-none-eabi/7.3.1/../../../../arm-none-eabi/lib/thumb/v7e-m/fpv5/hard\libcr_c.a(_deferredlazyseek.o)
 .ARM.attributes
                0x0000044c       0x37 c:/nxp/mcuxpressoide_10.3.0_2200_pex/ide/plugins/com.nxp.mcuxpresso.tools.win32_10.3.0.201811011841/tools/bin/../lib/gcc/arm-none-eabi/7.3.1/../../../../arm-none-eabi/lib/thumb/v7e-m/fpv5/hard\libcr_c.a(_fflush.o)
 .ARM.attributes
                0x00000483       0x37 c:/nxp/mcuxpressoide_10.3.0_2200_pex/ide/plugins/com.nxp.mcuxpresso.tools.win32_10.3.0.201811011841/tools/bin/../lib/gcc/arm-none-eabi/7.3.1/../../../../arm-none-eabi/lib/thumb/v7e-m/fpv5/hard\libcr_c.a(_writebuf.o)
 .ARM.attributes
                0x000004ba       0x37 c:/nxp/mcuxpressoide_10.3.0_2200_pex/ide/plugins/com.nxp.mcuxpresso.tools.win32_10.3.0.201811011841/tools/bin/../lib/gcc/arm-none-eabi/7.3.1/../../../../arm-none-eabi/lib/thumb/v7e-m/fpv5/hard\libcr_c.a(alloc.o)
 .ARM.attributes
                0x000004f1       0x37 c:/nxp/mcuxpressoide_10.3.0_2200_pex/ide/plugins/com.nxp.mcuxpresso.tools.win32_10.3.0.201811011841/tools/bin/../lib/gcc/arm-none-eabi/7.3.1/../../../../arm-none-eabi/lib/thumb/v7e-m/fpv5/hard\libcr_c.a(fputs.o)
 .ARM.attributes